Archive member included to satisfy reference by file (symbol)

/opt/Atollic_TrueSTUDIO_for_STM32_x86_64_9.1.0/ARMTools/bin/../lib/gcc/arm-atollic-eabi/6.3.1/../../../../arm-atollic-eabi/lib/armv7e-m/fpu/libc_nano.a(lib_a-init.o)
                              startup/startup_stm32f446xx.o (__libc_init_array)
/opt/Atollic_TrueSTUDIO_for_STM32_x86_64_9.1.0/ARMTools/bin/../lib/gcc/arm-atollic-eabi/6.3.1/armv7e-m/fpu/libgcc.a(_aeabi_uldivmod.o)
                              Drivers/STM32F4xx_HAL_Driver/Src/stm32f4xx_hal_rcc.o (__aeabi_uldivmod)
/opt/Atollic_TrueSTUDIO_for_STM32_x86_64_9.1.0/ARMTools/bin/../lib/gcc/arm-atollic-eabi/6.3.1/armv7e-m/fpu/libgcc.a(_udivmoddi4.o)
                              /opt/Atollic_TrueSTUDIO_for_STM32_x86_64_9.1.0/ARMTools/bin/../lib/gcc/arm-atollic-eabi/6.3.1/armv7e-m/fpu/libgcc.a(_aeabi_uldivmod.o) (__udivmoddi4)
/opt/Atollic_TrueSTUDIO_for_STM32_x86_64_9.1.0/ARMTools/bin/../lib/gcc/arm-atollic-eabi/6.3.1/armv7e-m/fpu/libgcc.a(_dvmd_tls.o)
                              /opt/Atollic_TrueSTUDIO_for_STM32_x86_64_9.1.0/ARMTools/bin/../lib/gcc/arm-atollic-eabi/6.3.1/armv7e-m/fpu/libgcc.a(_aeabi_uldivmod.o) (__aeabi_ldiv0)

Allocating common symbols
Common symbol       size              file

uwTick              0x4               Drivers/STM32F4xx_HAL_Driver/Src/stm32f4xx_hal.o
pFlash              0x20              Drivers/STM32F4xx_HAL_Driver/Src/stm32f4xx_hal_flash.o
htim2               0x3c              Src/main.o

Discarded input sections

 .text          0x0000000000000000        0x0 /opt/Atollic_TrueSTUDIO_for_STM32_x86_64_9.1.0/ARMTools/bin/../lib/gcc/arm-atollic-eabi/6.3.1/armv7e-m/fpu/crti.o
 .data          0x0000000000000000        0x0 /opt/Atollic_TrueSTUDIO_for_STM32_x86_64_9.1.0/ARMTools/bin/../lib/gcc/arm-atollic-eabi/6.3.1/armv7e-m/fpu/crti.o
 .bss           0x0000000000000000        0x0 /opt/Atollic_TrueSTUDIO_for_STM32_x86_64_9.1.0/ARMTools/bin/../lib/gcc/arm-atollic-eabi/6.3.1/armv7e-m/fpu/crti.o
 .data          0x0000000000000000        0x4 /opt/Atollic_TrueSTUDIO_for_STM32_x86_64_9.1.0/ARMTools/bin/../lib/gcc/arm-atollic-eabi/6.3.1/armv7e-m/fpu/crtbegin.o
 .text          0x0000000000000000        0x0 Drivers/STM32F4xx_HAL_Driver/Src/stm32f4xx_hal.o
 .data          0x0000000000000000        0x0 Drivers/STM32F4xx_HAL_Driver/Src/stm32f4xx_hal.o
 .bss           0x0000000000000000        0x0 Drivers/STM32F4xx_HAL_Driver/Src/stm32f4xx_hal.o
 .text.HAL_MspInit
                0x0000000000000000        0x2 Drivers/STM32F4xx_HAL_Driver/Src/stm32f4xx_hal.o
 .text.HAL_MspDeInit
                0x0000000000000000        0x2 Drivers/STM32F4xx_HAL_Driver/Src/stm32f4xx_hal.o
 .text.HAL_DeInit
                0x0000000000000000       0x2c Drivers/STM32F4xx_HAL_Driver/Src/stm32f4xx_hal.o
 .text.HAL_GetTickPrio
                0x0000000000000000        0xc Drivers/STM32F4xx_HAL_Driver/Src/stm32f4xx_hal.o
 .text.HAL_SetTickFreq
                0x0000000000000000       0x24 Drivers/STM32F4xx_HAL_Driver/Src/stm32f4xx_hal.o
 .text.HAL_GetTickFreq
                0x0000000000000000        0xc Drivers/STM32F4xx_HAL_Driver/Src/stm32f4xx_hal.o
 .text.HAL_SuspendTick
                0x0000000000000000       0x10 Drivers/STM32F4xx_HAL_Driver/Src/stm32f4xx_hal.o
 .text.HAL_ResumeTick
                0x0000000000000000       0x10 Drivers/STM32F4xx_HAL_Driver/Src/stm32f4xx_hal.o
 .text.HAL_GetHalVersion
                0x0000000000000000        0x8 Drivers/STM32F4xx_HAL_Driver/Src/stm32f4xx_hal.o
 .text.HAL_GetREVID
                0x0000000000000000        0xc Drivers/STM32F4xx_HAL_Driver/Src/stm32f4xx_hal.o
 .text.HAL_GetDEVID
                0x0000000000000000       0x10 Drivers/STM32F4xx_HAL_Driver/Src/stm32f4xx_hal.o
 .text.HAL_DBGMCU_EnableDBGSleepMode
                0x0000000000000000       0x10 Drivers/STM32F4xx_HAL_Driver/Src/stm32f4xx_hal.o
 .text.HAL_DBGMCU_DisableDBGSleepMode
                0x0000000000000000       0x10 Drivers/STM32F4xx_HAL_Driver/Src/stm32f4xx_hal.o
 .text.HAL_DBGMCU_EnableDBGStopMode
                0x0000000000000000       0x10 Drivers/STM32F4xx_HAL_Driver/Src/stm32f4xx_hal.o
 .text.HAL_DBGMCU_DisableDBGStopMode
                0x0000000000000000       0x10 Drivers/STM32F4xx_HAL_Driver/Src/stm32f4xx_hal.o
 .text.HAL_DBGMCU_EnableDBGStandbyMode
                0x0000000000000000       0x10 Drivers/STM32F4xx_HAL_Driver/Src/stm32f4xx_hal.o
 .text.HAL_DBGMCU_DisableDBGStandbyMode
                0x0000000000000000       0x10 Drivers/STM32F4xx_HAL_Driver/Src/stm32f4xx_hal.o
 .text.HAL_EnableCompensationCell
                0x0000000000000000        0xc Drivers/STM32F4xx_HAL_Driver/Src/stm32f4xx_hal.o
 .text.HAL_DisableCompensationCell
                0x0000000000000000        0xc Drivers/STM32F4xx_HAL_Driver/Src/stm32f4xx_hal.o
 .text.HAL_GetUID
                0x0000000000000000       0x20 Drivers/STM32F4xx_HAL_Driver/Src/stm32f4xx_hal.o
 .text          0x0000000000000000        0x0 Drivers/STM32F4xx_HAL_Driver/Src/stm32f4xx_hal_cortex.o
 .data          0x0000000000000000        0x0 Drivers/STM32F4xx_HAL_Driver/Src/stm32f4xx_hal_cortex.o
 .bss           0x0000000000000000        0x0 Drivers/STM32F4xx_HAL_Driver/Src/stm32f4xx_hal_cortex.o
 .text.HAL_NVIC_DisableIRQ
                0x0000000000000000       0x1c Drivers/STM32F4xx_HAL_Driver/Src/stm32f4xx_hal_cortex.o
 .text.HAL_NVIC_SystemReset
                0x0000000000000000       0x24 Drivers/STM32F4xx_HAL_Driver/Src/stm32f4xx_hal_cortex.o
 .text.HAL_MPU_Disable
                0x0000000000000000       0x20 Drivers/STM32F4xx_HAL_Driver/Src/stm32f4xx_hal_cortex.o
 .text.HAL_MPU_Enable
                0x0000000000000000       0x24 Drivers/STM32F4xx_HAL_Driver/Src/stm32f4xx_hal_cortex.o
 .text.HAL_MPU_ConfigRegion
                0x0000000000000000       0x50 Drivers/STM32F4xx_HAL_Driver/Src/stm32f4xx_hal_cortex.o
 .text.HAL_NVIC_GetPriorityGrouping
                0x0000000000000000       0x10 Drivers/STM32F4xx_HAL_Driver/Src/stm32f4xx_hal_cortex.o
 .text.HAL_NVIC_GetPriority
                0x0000000000000000       0x58 Drivers/STM32F4xx_HAL_Driver/Src/stm32f4xx_hal_cortex.o
 .text.HAL_NVIC_SetPendingIRQ
                0x0000000000000000       0x1c Drivers/STM32F4xx_HAL_Driver/Src/stm32f4xx_hal_cortex.o
 .text.HAL_NVIC_GetPendingIRQ
                0x0000000000000000       0x1c Drivers/STM32F4xx_HAL_Driver/Src/stm32f4xx_hal_cortex.o
 .text.HAL_NVIC_ClearPendingIRQ
                0x0000000000000000       0x1c Drivers/STM32F4xx_HAL_Driver/Src/stm32f4xx_hal_cortex.o
 .text.HAL_NVIC_GetActive
                0x0000000000000000       0x1c Drivers/STM32F4xx_HAL_Driver/Src/stm32f4xx_hal_cortex.o
 .text          0x0000000000000000        0x0 Drivers/STM32F4xx_HAL_Driver/Src/stm32f4xx_hal_dma.o
 .data          0x0000000000000000        0x0 Drivers/STM32F4xx_HAL_Driver/Src/stm32f4xx_hal_dma.o
 .bss           0x0000000000000000        0x0 Drivers/STM32F4xx_HAL_Driver/Src/stm32f4xx_hal_dma.o
 .text.DMA_CalcBaseAndBitshift
                0x0000000000000000       0x2c Drivers/STM32F4xx_HAL_Driver/Src/stm32f4xx_hal_dma.o
 .text.HAL_DMA_Init
                0x0000000000000000       0xfc Drivers/STM32F4xx_HAL_Driver/Src/stm32f4xx_hal_dma.o
 .text.HAL_DMA_DeInit
                0x0000000000000000       0x48 Drivers/STM32F4xx_HAL_Driver/Src/stm32f4xx_hal_dma.o
 .text.HAL_DMA_Start
                0x0000000000000000       0x54 Drivers/STM32F4xx_HAL_Driver/Src/stm32f4xx_hal_dma.o
 .text.HAL_DMA_Start_IT
                0x0000000000000000       0x7c Drivers/STM32F4xx_HAL_Driver/Src/stm32f4xx_hal_dma.o
 .text.HAL_DMA_Abort
                0x0000000000000000       0x86 Drivers/STM32F4xx_HAL_Driver/Src/stm32f4xx_hal_dma.o
 .text.HAL_DMA_Abort_IT
                0x0000000000000000       0x24 Drivers/STM32F4xx_HAL_Driver/Src/stm32f4xx_hal_dma.o
 .text.HAL_DMA_PollForTransfer
                0x0000000000000000      0x112 Drivers/STM32F4xx_HAL_Driver/Src/stm32f4xx_hal_dma.o
 .text.HAL_DMA_IRQHandler
                0x0000000000000000      0x174 Drivers/STM32F4xx_HAL_Driver/Src/stm32f4xx_hal_dma.o
 .text.HAL_DMA_RegisterCallback
                0x0000000000000000       0x50 Drivers/STM32F4xx_HAL_Driver/Src/stm32f4xx_hal_dma.o
 .text.HAL_DMA_UnRegisterCallback
                0x0000000000000000       0x5c Drivers/STM32F4xx_HAL_Driver/Src/stm32f4xx_hal_dma.o
 .text.HAL_DMA_GetState
                0x0000000000000000        0x6 Drivers/STM32F4xx_HAL_Driver/Src/stm32f4xx_hal_dma.o
 .text.HAL_DMA_GetError
                0x0000000000000000        0x4 Drivers/STM32F4xx_HAL_Driver/Src/stm32f4xx_hal_dma.o
 .rodata.flagBitshiftOffset.8751
                0x0000000000000000        0x8 Drivers/STM32F4xx_HAL_Driver/Src/stm32f4xx_hal_dma.o
 .debug_info    0x0000000000000000     0x125c Drivers/STM32F4xx_HAL_Driver/Src/stm32f4xx_hal_dma.o
 .debug_abbrev  0x0000000000000000      0x34a Drivers/STM32F4xx_HAL_Driver/Src/stm32f4xx_hal_dma.o
 .debug_loc     0x0000000000000000      0x727 Drivers/STM32F4xx_HAL_Driver/Src/stm32f4xx_hal_dma.o
 .debug_aranges
                0x0000000000000000       0x80 Drivers/STM32F4xx_HAL_Driver/Src/stm32f4xx_hal_dma.o
 .debug_ranges  0x0000000000000000       0xc8 Drivers/STM32F4xx_HAL_Driver/Src/stm32f4xx_hal_dma.o
 .debug_line    0x0000000000000000      0x5d6 Drivers/STM32F4xx_HAL_Driver/Src/stm32f4xx_hal_dma.o
 .debug_str     0x0000000000000000      0xbd8 Drivers/STM32F4xx_HAL_Driver/Src/stm32f4xx_hal_dma.o
 .comment       0x0000000000000000       0x7d Drivers/STM32F4xx_HAL_Driver/Src/stm32f4xx_hal_dma.o
 .debug_frame   0x0000000000000000      0x150 Drivers/STM32F4xx_HAL_Driver/Src/stm32f4xx_hal_dma.o
 .ARM.attributes
                0x0000000000000000       0x39 Drivers/STM32F4xx_HAL_Driver/Src/stm32f4xx_hal_dma.o
 .text          0x0000000000000000        0x0 Drivers/STM32F4xx_HAL_Driver/Src/stm32f4xx_hal_dma_ex.o
 .data          0x0000000000000000        0x0 Drivers/STM32F4xx_HAL_Driver/Src/stm32f4xx_hal_dma_ex.o
 .bss           0x0000000000000000        0x0 Drivers/STM32F4xx_HAL_Driver/Src/stm32f4xx_hal_dma_ex.o
 .text.HAL_DMAEx_MultiBufferStart
                0x0000000000000000       0x5a Drivers/STM32F4xx_HAL_Driver/Src/stm32f4xx_hal_dma_ex.o
 .text.HAL_DMAEx_MultiBufferStart_IT
                0x0000000000000000      0x3e8 Drivers/STM32F4xx_HAL_Driver/Src/stm32f4xx_hal_dma_ex.o
 .text.HAL_DMAEx_ChangeMemory
                0x0000000000000000        0xe Drivers/STM32F4xx_HAL_Driver/Src/stm32f4xx_hal_dma_ex.o
 .debug_info    0x0000000000000000      0xdee Drivers/STM32F4xx_HAL_Driver/Src/stm32f4xx_hal_dma_ex.o
 .debug_abbrev  0x0000000000000000      0x258 Drivers/STM32F4xx_HAL_Driver/Src/stm32f4xx_hal_dma_ex.o
 .debug_loc     0x0000000000000000      0x452 Drivers/STM32F4xx_HAL_Driver/Src/stm32f4xx_hal_dma_ex.o
 .debug_aranges
                0x0000000000000000       0x30 Drivers/STM32F4xx_HAL_Driver/Src/stm32f4xx_hal_dma_ex.o
 .debug_ranges  0x0000000000000000       0x50 Drivers/STM32F4xx_HAL_Driver/Src/stm32f4xx_hal_dma_ex.o
 .debug_line    0x0000000000000000      0x5f8 Drivers/STM32F4xx_HAL_Driver/Src/stm32f4xx_hal_dma_ex.o
 .debug_str     0x0000000000000000      0x9cd Drivers/STM32F4xx_HAL_Driver/Src/stm32f4xx_hal_dma_ex.o
 .comment       0x0000000000000000       0x7d Drivers/STM32F4xx_HAL_Driver/Src/stm32f4xx_hal_dma_ex.o
 .debug_frame   0x0000000000000000       0x58 Drivers/STM32F4xx_HAL_Driver/Src/stm32f4xx_hal_dma_ex.o
 .ARM.attributes
                0x0000000000000000       0x39 Drivers/STM32F4xx_HAL_Driver/Src/stm32f4xx_hal_dma_ex.o
 .text          0x0000000000000000        0x0 Drivers/STM32F4xx_HAL_Driver/Src/stm32f4xx_hal_flash.o
 .data          0x0000000000000000        0x0 Drivers/STM32F4xx_HAL_Driver/Src/stm32f4xx_hal_flash.o
 .bss           0x0000000000000000        0x0 Drivers/STM32F4xx_HAL_Driver/Src/stm32f4xx_hal_flash.o
 .text.FLASH_Program_DoubleWord
                0x0000000000000000       0x28 Drivers/STM32F4xx_HAL_Driver/Src/stm32f4xx_hal_flash.o
 .text.FLASH_Program_Word
                0x0000000000000000       0x24 Drivers/STM32F4xx_HAL_Driver/Src/stm32f4xx_hal_flash.o
 .text.FLASH_Program_HalfWord
                0x0000000000000000       0x24 Drivers/STM32F4xx_HAL_Driver/Src/stm32f4xx_hal_flash.o
 .text.FLASH_SetErrorCode
                0x0000000000000000       0x8c Drivers/STM32F4xx_HAL_Driver/Src/stm32f4xx_hal_flash.o
 .text.HAL_FLASH_Program_IT
                0x0000000000000000       0x74 Drivers/STM32F4xx_HAL_Driver/Src/stm32f4xx_hal_flash.o
 .text.HAL_FLASH_EndOfOperationCallback
                0x0000000000000000        0x2 Drivers/STM32F4xx_HAL_Driver/Src/stm32f4xx_hal_flash.o
 .text.HAL_FLASH_OperationErrorCallback
                0x0000000000000000        0x2 Drivers/STM32F4xx_HAL_Driver/Src/stm32f4xx_hal_flash.o
 .text.HAL_FLASH_IRQHandler
                0x0000000000000000       0xc4 Drivers/STM32F4xx_HAL_Driver/Src/stm32f4xx_hal_flash.o
 .text.HAL_FLASH_Unlock
                0x0000000000000000       0x24 Drivers/STM32F4xx_HAL_Driver/Src/stm32f4xx_hal_flash.o
 .text.HAL_FLASH_Lock
                0x0000000000000000       0x14 Drivers/STM32F4xx_HAL_Driver/Src/stm32f4xx_hal_flash.o
 .text.HAL_FLASH_OB_Unlock
                0x0000000000000000       0x24 Drivers/STM32F4xx_HAL_Driver/Src/stm32f4xx_hal_flash.o
 .text.HAL_FLASH_OB_Lock
                0x0000000000000000       0x14 Drivers/STM32F4xx_HAL_Driver/Src/stm32f4xx_hal_flash.o
 .text.HAL_FLASH_GetError
                0x0000000000000000        0xc Drivers/STM32F4xx_HAL_Driver/Src/stm32f4xx_hal_flash.o
 .text.FLASH_WaitForLastOperation
                0x0000000000000000       0x54 Drivers/STM32F4xx_HAL_Driver/Src/stm32f4xx_hal_flash.o
 .text.HAL_FLASH_Program
                0x0000000000000000       0x90 Drivers/STM32F4xx_HAL_Driver/Src/stm32f4xx_hal_flash.o
 .text.HAL_FLASH_OB_Launch
                0x0000000000000000       0x18 Drivers/STM32F4xx_HAL_Driver/Src/stm32f4xx_hal_flash.o
 .debug_info    0x0000000000000000      0xf55 Drivers/STM32F4xx_HAL_Driver/Src/stm32f4xx_hal_flash.o
 .debug_abbrev  0x0000000000000000      0x369 Drivers/STM32F4xx_HAL_Driver/Src/stm32f4xx_hal_flash.o
 .debug_loc     0x0000000000000000      0x2d9 Drivers/STM32F4xx_HAL_Driver/Src/stm32f4xx_hal_flash.o
 .debug_aranges
                0x0000000000000000       0x90 Drivers/STM32F4xx_HAL_Driver/Src/stm32f4xx_hal_flash.o
 .debug_ranges  0x0000000000000000       0xb0 Drivers/STM32F4xx_HAL_Driver/Src/stm32f4xx_hal_flash.o
 .debug_line    0x0000000000000000      0x4c0 Drivers/STM32F4xx_HAL_Driver/Src/stm32f4xx_hal_flash.o
 .debug_str     0x0000000000000000      0x9b6 Drivers/STM32F4xx_HAL_Driver/Src/stm32f4xx_hal_flash.o
 .comment       0x0000000000000000       0x7d Drivers/STM32F4xx_HAL_Driver/Src/stm32f4xx_hal_flash.o
 .debug_frame   0x0000000000000000      0x154 Drivers/STM32F4xx_HAL_Driver/Src/stm32f4xx_hal_flash.o
 .ARM.attributes
                0x0000000000000000       0x39 Drivers/STM32F4xx_HAL_Driver/Src/stm32f4xx_hal_flash.o
 COMMON         0x0000000000000000       0x20 Drivers/STM32F4xx_HAL_Driver/Src/stm32f4xx_hal_flash.o
 .text          0x0000000000000000        0x0 Drivers/STM32F4xx_HAL_Driver/Src/stm32f4xx_hal_flash_ex.o
 .data          0x0000000000000000        0x0 Drivers/STM32F4xx_HAL_Driver/Src/stm32f4xx_hal_flash_ex.o
 .bss           0x0000000000000000        0x0 Drivers/STM32F4xx_HAL_Driver/Src/stm32f4xx_hal_flash_ex.o
 .text.FLASH_MassErase.isra.0
                0x0000000000000000       0x24 Drivers/STM32F4xx_HAL_Driver/Src/stm32f4xx_hal_flash_ex.o
 .text.HAL_FLASHEx_OBProgram
                0x0000000000000000       0xb8 Drivers/STM32F4xx_HAL_Driver/Src/stm32f4xx_hal_flash_ex.o
 .text.HAL_FLASHEx_OBGetConfig
                0x0000000000000000       0x48 Drivers/STM32F4xx_HAL_Driver/Src/stm32f4xx_hal_flash_ex.o
 .text.HAL_FLASHEx_AdvOBProgram
                0x0000000000000000       0x40 Drivers/STM32F4xx_HAL_Driver/Src/stm32f4xx_hal_flash_ex.o
 .text.HAL_FLASHEx_AdvOBGetConfig
                0x0000000000000000        0xc Drivers/STM32F4xx_HAL_Driver/Src/stm32f4xx_hal_flash_ex.o
 .text.HAL_FLASHEx_OB_SelectPCROP
                0x0000000000000000       0x14 Drivers/STM32F4xx_HAL_Driver/Src/stm32f4xx_hal_flash_ex.o
 .text.HAL_FLASHEx_OB_DeSelectPCROP
                0x0000000000000000       0x14 Drivers/STM32F4xx_HAL_Driver/Src/stm32f4xx_hal_flash_ex.o
 .text.FLASH_Erase_Sector
                0x0000000000000000       0x4c Drivers/STM32F4xx_HAL_Driver/Src/stm32f4xx_hal_flash_ex.o
 .text.HAL_FLASHEx_Erase_IT
                0x0000000000000000       0x60 Drivers/STM32F4xx_HAL_Driver/Src/stm32f4xx_hal_flash_ex.o
 .text.FLASH_FlushCaches
                0x0000000000000000       0x58 Drivers/STM32F4xx_HAL_Driver/Src/stm32f4xx_hal_flash_ex.o
 .text.HAL_FLASHEx_Erase
                0x0000000000000000       0x9c Drivers/STM32F4xx_HAL_Driver/Src/stm32f4xx_hal_flash_ex.o
 .debug_info    0x0000000000000000     0x125d Drivers/STM32F4xx_HAL_Driver/Src/stm32f4xx_hal_flash_ex.o
 .debug_abbrev  0x0000000000000000      0x365 Drivers/STM32F4xx_HAL_Driver/Src/stm32f4xx_hal_flash_ex.o
 .debug_loc     0x0000000000000000      0x4f3 Drivers/STM32F4xx_HAL_Driver/Src/stm32f4xx_hal_flash_ex.o
 .debug_aranges
                0x0000000000000000       0x70 Drivers/STM32F4xx_HAL_Driver/Src/stm32f4xx_hal_flash_ex.o
 .debug_ranges  0x0000000000000000      0x110 Drivers/STM32F4xx_HAL_Driver/Src/stm32f4xx_hal_flash_ex.o
 .debug_line    0x0000000000000000      0x4dd Drivers/STM32F4xx_HAL_Driver/Src/stm32f4xx_hal_flash_ex.o
 .debug_str     0x0000000000000000      0xadf Drivers/STM32F4xx_HAL_Driver/Src/stm32f4xx_hal_flash_ex.o
 .comment       0x0000000000000000       0x7d Drivers/STM32F4xx_HAL_Driver/Src/stm32f4xx_hal_flash_ex.o
 .debug_frame   0x0000000000000000       0xf0 Drivers/STM32F4xx_HAL_Driver/Src/stm32f4xx_hal_flash_ex.o
 .ARM.attributes
                0x0000000000000000       0x39 Drivers/STM32F4xx_HAL_Driver/Src/stm32f4xx_hal_flash_ex.o
 .text          0x0000000000000000        0x0 Drivers/STM32F4xx_HAL_Driver/Src/stm32f4xx_hal_flash_ramfunc.o
 .data          0x0000000000000000        0x0 Drivers/STM32F4xx_HAL_Driver/Src/stm32f4xx_hal_flash_ramfunc.o
 .bss           0x0000000000000000        0x0 Drivers/STM32F4xx_HAL_Driver/Src/stm32f4xx_hal_flash_ramfunc.o
 .RamFunc       0x0000000000000000       0xc0 Drivers/STM32F4xx_HAL_Driver/Src/stm32f4xx_hal_flash_ramfunc.o
 .debug_info    0x0000000000000000      0xc26 Drivers/STM32F4xx_HAL_Driver/Src/stm32f4xx_hal_flash_ramfunc.o
 .debug_abbrev  0x0000000000000000      0x1d1 Drivers/STM32F4xx_HAL_Driver/Src/stm32f4xx_hal_flash_ramfunc.o
 .debug_aranges
                0x0000000000000000       0x38 Drivers/STM32F4xx_HAL_Driver/Src/stm32f4xx_hal_flash_ramfunc.o
 .debug_ranges  0x0000000000000000       0x88 Drivers/STM32F4xx_HAL_Driver/Src/stm32f4xx_hal_flash_ramfunc.o
 .debug_line    0x0000000000000000      0x2a0 Drivers/STM32F4xx_HAL_Driver/Src/stm32f4xx_hal_flash_ramfunc.o
 .debug_str     0x0000000000000000      0x846 Drivers/STM32F4xx_HAL_Driver/Src/stm32f4xx_hal_flash_ramfunc.o
 .comment       0x0000000000000000       0x7d Drivers/STM32F4xx_HAL_Driver/Src/stm32f4xx_hal_flash_ramfunc.o
 .debug_frame   0x0000000000000000       0x70 Drivers/STM32F4xx_HAL_Driver/Src/stm32f4xx_hal_flash_ramfunc.o
 .ARM.attributes
                0x0000000000000000       0x39 Drivers/STM32F4xx_HAL_Driver/Src/stm32f4xx_hal_flash_ramfunc.o
 .text          0x0000000000000000        0x0 Drivers/STM32F4xx_HAL_Driver/Src/stm32f4xx_hal_gpio.o
 .data          0x0000000000000000        0x0 Drivers/STM32F4xx_HAL_Driver/Src/stm32f4xx_hal_gpio.o
 .bss           0x0000000000000000        0x0 Drivers/STM32F4xx_HAL_Driver/Src/stm32f4xx_hal_gpio.o
 .text.HAL_GPIO_DeInit
                0x0000000000000000      0x128 Drivers/STM32F4xx_HAL_Driver/Src/stm32f4xx_hal_gpio.o
 .text.HAL_GPIO_ReadPin
                0x0000000000000000        0xc Drivers/STM32F4xx_HAL_Driver/Src/stm32f4xx_hal_gpio.o
 .text.HAL_GPIO_WritePin
                0x0000000000000000        0xa Drivers/STM32F4xx_HAL_Driver/Src/stm32f4xx_hal_gpio.o
 .text.HAL_GPIO_TogglePin
                0x0000000000000000        0x8 Drivers/STM32F4xx_HAL_Driver/Src/stm32f4xx_hal_gpio.o
 .text.HAL_GPIO_LockPin
                0x0000000000000000       0x2a Drivers/STM32F4xx_HAL_Driver/Src/stm32f4xx_hal_gpio.o
 .text.HAL_GPIO_EXTI_Callback
                0x0000000000000000        0x2 Drivers/STM32F4xx_HAL_Driver/Src/stm32f4xx_hal_gpio.o
 .text.HAL_GPIO_EXTI_IRQHandler
                0x0000000000000000       0x18 Drivers/STM32F4xx_HAL_Driver/Src/stm32f4xx_hal_gpio.o
 .text          0x0000000000000000        0x0 Drivers/STM32F4xx_HAL_Driver/Src/stm32f4xx_hal_pwr.o
 .data          0x0000000000000000        0x0 Drivers/STM32F4xx_HAL_Driver/Src/stm32f4xx_hal_pwr.o
 .bss           0x0000000000000000        0x0 Drivers/STM32F4xx_HAL_Driver/Src/stm32f4xx_hal_pwr.o
 .text.HAL_PWR_DeInit
                0x0000000000000000       0x18 Drivers/STM32F4xx_HAL_Driver/Src/stm32f4xx_hal_pwr.o
 .text.HAL_PWR_EnableBkUpAccess
                0x0000000000000000        0xc Drivers/STM32F4xx_HAL_Driver/Src/stm32f4xx_hal_pwr.o
 .text.HAL_PWR_DisableBkUpAccess
                0x0000000000000000        0xc Drivers/STM32F4xx_HAL_Driver/Src/stm32f4xx_hal_pwr.o
 .text.HAL_PWR_ConfigPVD
                0x0000000000000000       0x70 Drivers/STM32F4xx_HAL_Driver/Src/stm32f4xx_hal_pwr.o
 .text.HAL_PWR_EnablePVD
                0x0000000000000000        0xc Drivers/STM32F4xx_HAL_Driver/Src/stm32f4xx_hal_pwr.o
 .text.HAL_PWR_DisablePVD
                0x0000000000000000        0xc Drivers/STM32F4xx_HAL_Driver/Src/stm32f4xx_hal_pwr.o
 .text.HAL_PWR_EnableWakeUpPin
                0x0000000000000000       0x10 Drivers/STM32F4xx_HAL_Driver/Src/stm32f4xx_hal_pwr.o
 .text.HAL_PWR_DisableWakeUpPin
                0x0000000000000000       0x10 Drivers/STM32F4xx_HAL_Driver/Src/stm32f4xx_hal_pwr.o
 .text.HAL_PWR_EnterSLEEPMode
                0x0000000000000000       0x20 Drivers/STM32F4xx_HAL_Driver/Src/stm32f4xx_hal_pwr.o
 .text.HAL_PWR_EnterSTOPMode
                0x0000000000000000       0x38 Drivers/STM32F4xx_HAL_Driver/Src/stm32f4xx_hal_pwr.o
 .text.HAL_PWR_EnterSTANDBYMode
                0x0000000000000000       0x20 Drivers/STM32F4xx_HAL_Driver/Src/stm32f4xx_hal_pwr.o
 .text.HAL_PWR_PVDCallback
                0x0000000000000000        0x2 Drivers/STM32F4xx_HAL_Driver/Src/stm32f4xx_hal_pwr.o
 .text.HAL_PWR_PVD_IRQHandler
                0x0000000000000000       0x1c Drivers/STM32F4xx_HAL_Driver/Src/stm32f4xx_hal_pwr.o
 .text.HAL_PWR_EnableSleepOnExit
                0x0000000000000000       0x10 Drivers/STM32F4xx_HAL_Driver/Src/stm32f4xx_hal_pwr.o
 .text.HAL_PWR_DisableSleepOnExit
                0x0000000000000000       0x10 Drivers/STM32F4xx_HAL_Driver/Src/stm32f4xx_hal_pwr.o
 .text.HAL_PWR_EnableSEVOnPend
                0x0000000000000000       0x10 Drivers/STM32F4xx_HAL_Driver/Src/stm32f4xx_hal_pwr.o
 .text.HAL_PWR_DisableSEVOnPend
                0x0000000000000000       0x10 Drivers/STM32F4xx_HAL_Driver/Src/stm32f4xx_hal_pwr.o
 .debug_info    0x0000000000000000     0x101d Drivers/STM32F4xx_HAL_Driver/Src/stm32f4xx_hal_pwr.o
 .debug_abbrev  0x0000000000000000      0x21f Drivers/STM32F4xx_HAL_Driver/Src/stm32f4xx_hal_pwr.o
 .debug_loc     0x0000000000000000       0x84 Drivers/STM32F4xx_HAL_Driver/Src/stm32f4xx_hal_pwr.o
 .debug_aranges
                0x0000000000000000       0xa0 Drivers/STM32F4xx_HAL_Driver/Src/stm32f4xx_hal_pwr.o
 .debug_ranges  0x0000000000000000       0x90 Drivers/STM32F4xx_HAL_Driver/Src/stm32f4xx_hal_pwr.o
 .debug_line    0x0000000000000000      0x3e5 Drivers/STM32F4xx_HAL_Driver/Src/stm32f4xx_hal_pwr.o
 .debug_str     0x0000000000000000      0x9e0 Drivers/STM32F4xx_HAL_Driver/Src/stm32f4xx_hal_pwr.o
 .comment       0x0000000000000000       0x7d Drivers/STM32F4xx_HAL_Driver/Src/stm32f4xx_hal_pwr.o
 .debug_frame   0x0000000000000000      0x128 Drivers/STM32F4xx_HAL_Driver/Src/stm32f4xx_hal_pwr.o
 .ARM.attributes
                0x0000000000000000       0x39 Drivers/STM32F4xx_HAL_Driver/Src/stm32f4xx_hal_pwr.o
 .text          0x0000000000000000        0x0 Drivers/STM32F4xx_HAL_Driver/Src/stm32f4xx_hal_pwr_ex.o
 .data          0x0000000000000000        0x0 Drivers/STM32F4xx_HAL_Driver/Src/stm32f4xx_hal_pwr_ex.o
 .bss           0x0000000000000000        0x0 Drivers/STM32F4xx_HAL_Driver/Src/stm32f4xx_hal_pwr_ex.o
 .text.HAL_PWREx_EnableBkUpReg
                0x0000000000000000       0x34 Drivers/STM32F4xx_HAL_Driver/Src/stm32f4xx_hal_pwr_ex.o
 .text.HAL_PWREx_DisableBkUpReg
                0x0000000000000000       0x34 Drivers/STM32F4xx_HAL_Driver/Src/stm32f4xx_hal_pwr_ex.o
 .text.HAL_PWREx_EnableFlashPowerDown
                0x0000000000000000        0xc Drivers/STM32F4xx_HAL_Driver/Src/stm32f4xx_hal_pwr_ex.o
 .text.HAL_PWREx_DisableFlashPowerDown
                0x0000000000000000        0xc Drivers/STM32F4xx_HAL_Driver/Src/stm32f4xx_hal_pwr_ex.o
 .text.HAL_PWREx_GetVoltageRange
                0x0000000000000000       0x10 Drivers/STM32F4xx_HAL_Driver/Src/stm32f4xx_hal_pwr_ex.o
 .text.HAL_PWREx_ControlVoltageScaling
                0x0000000000000000       0xb0 Drivers/STM32F4xx_HAL_Driver/Src/stm32f4xx_hal_pwr_ex.o
 .text.HAL_PWREx_DisableOverDrive
                0x0000000000000000       0x74 Drivers/STM32F4xx_HAL_Driver/Src/stm32f4xx_hal_pwr_ex.o
 .text.HAL_PWREx_EnterUnderDriveSTOPMode
                0x0000000000000000       0x68 Drivers/STM32F4xx_HAL_Driver/Src/stm32f4xx_hal_pwr_ex.o
 .text          0x0000000000000000        0x0 Drivers/STM32F4xx_HAL_Driver/Src/stm32f4xx_hal_rcc.o
 .data          0x0000000000000000        0x0 Drivers/STM32F4xx_HAL_Driver/Src/stm32f4xx_hal_rcc.o
 .bss           0x0000000000000000        0x0 Drivers/STM32F4xx_HAL_Driver/Src/stm32f4xx_hal_rcc.o
 .text.HAL_RCC_DeInit
                0x0000000000000000        0x4 Drivers/STM32F4xx_HAL_Driver/Src/stm32f4xx_hal_rcc.o
 .text.HAL_RCC_OscConfig
                0x0000000000000000      0x304 Drivers/STM32F4xx_HAL_Driver/Src/stm32f4xx_hal_rcc.o
 .text.HAL_RCC_MCOConfig
                0x0000000000000000       0x98 Drivers/STM32F4xx_HAL_Driver/Src/stm32f4xx_hal_rcc.o
 .text.HAL_RCC_EnableCSS
                0x0000000000000000        0xc Drivers/STM32F4xx_HAL_Driver/Src/stm32f4xx_hal_rcc.o
 .text.HAL_RCC_DisableCSS
                0x0000000000000000        0xc Drivers/STM32F4xx_HAL_Driver/Src/stm32f4xx_hal_rcc.o
 .text.HAL_RCC_GetSysClockFreq
                0x0000000000000000       0x5c Drivers/STM32F4xx_HAL_Driver/Src/stm32f4xx_hal_rcc.o
 .text.HAL_RCC_GetPCLK1Freq
                0x0000000000000000       0x20 Drivers/STM32F4xx_HAL_Driver/Src/stm32f4xx_hal_rcc.o
 .text.HAL_RCC_GetPCLK2Freq
                0x0000000000000000       0x20 Drivers/STM32F4xx_HAL_Driver/Src/stm32f4xx_hal_rcc.o
 .text.HAL_RCC_GetOscConfig
                0x0000000000000000       0x9c Drivers/STM32F4xx_HAL_Driver/Src/stm32f4xx_hal_rcc.o
 .text.HAL_RCC_GetClockConfig
                0x0000000000000000       0x3c Drivers/STM32F4xx_HAL_Driver/Src/stm32f4xx_hal_rcc.o
 .text.HAL_RCC_CSSCallback
                0x0000000000000000        0x2 Drivers/STM32F4xx_HAL_Driver/Src/stm32f4xx_hal_rcc.o
 .text.HAL_RCC_NMI_IRQHandler
                0x0000000000000000       0x20 Drivers/STM32F4xx_HAL_Driver/Src/stm32f4xx_hal_rcc.o
 .text          0x0000000000000000        0x0 Drivers/STM32F4xx_HAL_Driver/Src/stm32f4xx_hal_rcc_ex.o
 .data          0x0000000000000000        0x0 Drivers/STM32F4xx_HAL_Driver/Src/stm32f4xx_hal_rcc_ex.o
 .bss           0x0000000000000000        0x0 Drivers/STM32F4xx_HAL_Driver/Src/stm32f4xx_hal_rcc_ex.o
 .text.HAL_RCCEx_PeriphCLKConfig
                0x0000000000000000      0x410 Drivers/STM32F4xx_HAL_Driver/Src/stm32f4xx_hal_rcc_ex.o
 .text.HAL_RCCEx_GetPeriphCLKConfig
                0x0000000000000000      0x100 Drivers/STM32F4xx_HAL_Driver/Src/stm32f4xx_hal_rcc_ex.o
 .text.HAL_RCCEx_GetPeriphCLKFreq
                0x0000000000000000      0x1a4 Drivers/STM32F4xx_HAL_Driver/Src/stm32f4xx_hal_rcc_ex.o
 .text.HAL_RCCEx_SelectLSEMode
                0x0000000000000000       0x18 Drivers/STM32F4xx_HAL_Driver/Src/stm32f4xx_hal_rcc_ex.o
 .text.HAL_RCCEx_EnablePLLI2S
                0x0000000000000000       0x74 Drivers/STM32F4xx_HAL_Driver/Src/stm32f4xx_hal_rcc_ex.o
 .text.HAL_RCCEx_DisablePLLI2S
                0x0000000000000000       0x30 Drivers/STM32F4xx_HAL_Driver/Src/stm32f4xx_hal_rcc_ex.o
 .text.HAL_RCCEx_EnablePLLSAI
                0x0000000000000000       0x6c Drivers/STM32F4xx_HAL_Driver/Src/stm32f4xx_hal_rcc_ex.o
 .text.HAL_RCCEx_DisablePLLSAI
                0x0000000000000000       0x30 Drivers/STM32F4xx_HAL_Driver/Src/stm32f4xx_hal_rcc_ex.o
 .text.HAL_RCC_DeInit
                0x0000000000000000      0x150 Drivers/STM32F4xx_HAL_Driver/Src/stm32f4xx_hal_rcc_ex.o
 .text.HAL_RCC_GetOscConfig
                0x0000000000000000       0xa4 Drivers/STM32F4xx_HAL_Driver/Src/stm32f4xx_hal_rcc_ex.o
 .text          0x0000000000000000        0x0 Drivers/STM32F4xx_HAL_Driver/Src/stm32f4xx_hal_tim.o
 .data          0x0000000000000000        0x0 Drivers/STM32F4xx_HAL_Driver/Src/stm32f4xx_hal_tim.o
 .bss           0x0000000000000000        0x0 Drivers/STM32F4xx_HAL_Driver/Src/stm32f4xx_hal_tim.o
 .text.TIM_SlaveTimer_SetConfig
                0x0000000000000000       0xaa Drivers/STM32F4xx_HAL_Driver/Src/stm32f4xx_hal_tim.o
 .text.HAL_TIM_Base_MspInit
                0x0000000000000000        0x2 Drivers/STM32F4xx_HAL_Driver/Src/stm32f4xx_hal_tim.o
 .text.HAL_TIM_Base_MspDeInit
                0x0000000000000000        0x2 Drivers/STM32F4xx_HAL_Driver/Src/stm32f4xx_hal_tim.o
 .text.HAL_TIM_Base_DeInit
                0x0000000000000000       0x3a Drivers/STM32F4xx_HAL_Driver/Src/stm32f4xx_hal_tim.o
 .text.HAL_TIM_Base_Start
                0x0000000000000000       0x1a Drivers/STM32F4xx_HAL_Driver/Src/stm32f4xx_hal_tim.o
 .text.HAL_TIM_Base_Stop
                0x0000000000000000       0x2e Drivers/STM32F4xx_HAL_Driver/Src/stm32f4xx_hal_tim.o
 .text.HAL_TIM_Base_Start_IT
                0x0000000000000000       0x16 Drivers/STM32F4xx_HAL_Driver/Src/stm32f4xx_hal_tim.o
 .text.HAL_TIM_Base_Stop_IT
                0x0000000000000000       0x2a Drivers/STM32F4xx_HAL_Driver/Src/stm32f4xx_hal_tim.o
 .text.HAL_TIM_Base_Start_DMA
                0x0000000000000000       0x54 Drivers/STM32F4xx_HAL_Driver/Src/stm32f4xx_hal_tim.o
 .text.HAL_TIM_Base_Stop_DMA
                0x0000000000000000       0x30 Drivers/STM32F4xx_HAL_Driver/Src/stm32f4xx_hal_tim.o
 .text.HAL_TIM_OC_MspInit
                0x0000000000000000        0x2 Drivers/STM32F4xx_HAL_Driver/Src/stm32f4xx_hal_tim.o
 .text.HAL_TIM_OC_MspDeInit
                0x0000000000000000        0x2 Drivers/STM32F4xx_HAL_Driver/Src/stm32f4xx_hal_tim.o
 .text.HAL_TIM_OC_DeInit
                0x0000000000000000       0x3a Drivers/STM32F4xx_HAL_Driver/Src/stm32f4xx_hal_tim.o
 .text.HAL_TIM_PWM_MspDeInit
                0x0000000000000000        0x2 Drivers/STM32F4xx_HAL_Driver/Src/stm32f4xx_hal_tim.o
 .text.HAL_TIM_PWM_DeInit
                0x0000000000000000       0x3a Drivers/STM32F4xx_HAL_Driver/Src/stm32f4xx_hal_tim.o
 .text.HAL_TIM_IC_MspInit
                0x0000000000000000        0x2 Drivers/STM32F4xx_HAL_Driver/Src/stm32f4xx_hal_tim.o
 .text.HAL_TIM_IC_MspDeInit
                0x0000000000000000        0x2 Drivers/STM32F4xx_HAL_Driver/Src/stm32f4xx_hal_tim.o
 .text.HAL_TIM_IC_DeInit
                0x0000000000000000       0x3a Drivers/STM32F4xx_HAL_Driver/Src/stm32f4xx_hal_tim.o
 .text.HAL_TIM_OnePulse_MspInit
                0x0000000000000000        0x2 Drivers/STM32F4xx_HAL_Driver/Src/stm32f4xx_hal_tim.o
 .text.HAL_TIM_OnePulse_MspDeInit
                0x0000000000000000        0x2 Drivers/STM32F4xx_HAL_Driver/Src/stm32f4xx_hal_tim.o
 .text.HAL_TIM_OnePulse_DeInit
                0x0000000000000000       0x3a Drivers/STM32F4xx_HAL_Driver/Src/stm32f4xx_hal_tim.o
 .text.HAL_TIM_OnePulse_Start
                0x0000000000000000       0x40 Drivers/STM32F4xx_HAL_Driver/Src/stm32f4xx_hal_tim.o
 .text.HAL_TIM_OnePulse_Stop
                0x0000000000000000       0x68 Drivers/STM32F4xx_HAL_Driver/Src/stm32f4xx_hal_tim.o
 .text.HAL_TIM_OnePulse_Start_IT
                0x0000000000000000       0x50 Drivers/STM32F4xx_HAL_Driver/Src/stm32f4xx_hal_tim.o
 .text.HAL_TIM_OnePulse_Stop_IT
                0x0000000000000000       0x78 Drivers/STM32F4xx_HAL_Driver/Src/stm32f4xx_hal_tim.o
 .text.HAL_TIM_Encoder_MspInit
                0x0000000000000000        0x2 Drivers/STM32F4xx_HAL_Driver/Src/stm32f4xx_hal_tim.o
 .text.HAL_TIM_Encoder_MspDeInit
                0x0000000000000000        0x2 Drivers/STM32F4xx_HAL_Driver/Src/stm32f4xx_hal_tim.o
 .text.HAL_TIM_Encoder_DeInit
                0x0000000000000000       0x3a Drivers/STM32F4xx_HAL_Driver/Src/stm32f4xx_hal_tim.o
 .text.HAL_TIM_Encoder_Start
                0x0000000000000000       0x44 Drivers/STM32F4xx_HAL_Driver/Src/stm32f4xx_hal_tim.o
 .text.HAL_TIM_Encoder_Stop
                0x0000000000000000       0x48 Drivers/STM32F4xx_HAL_Driver/Src/stm32f4xx_hal_tim.o
 .text.HAL_TIM_Encoder_Start_IT
                0x0000000000000000       0x6e Drivers/STM32F4xx_HAL_Driver/Src/stm32f4xx_hal_tim.o
 .text.HAL_TIM_Encoder_Stop_IT
                0x0000000000000000       0x74 Drivers/STM32F4xx_HAL_Driver/Src/stm32f4xx_hal_tim.o
 .text.HAL_TIM_Encoder_Start_DMA
                0x0000000000000000      0x124 Drivers/STM32F4xx_HAL_Driver/Src/stm32f4xx_hal_tim.o
 .text.HAL_TIM_Encoder_Stop_DMA
                0x0000000000000000       0x74 Drivers/STM32F4xx_HAL_Driver/Src/stm32f4xx_hal_tim.o
 .text.HAL_TIM_DMABurst_WriteStart
                0x0000000000000000       0xb4 Drivers/STM32F4xx_HAL_Driver/Src/stm32f4xx_hal_tim.o
 .text.HAL_TIM_DMABurst_ReadStart
                0x0000000000000000       0xb4 Drivers/STM32F4xx_HAL_Driver/Src/stm32f4xx_hal_tim.o
 .text.HAL_TIM_DMABurst_ReadStop
                0x0000000000000000       0x5e Drivers/STM32F4xx_HAL_Driver/Src/stm32f4xx_hal_tim.o
 .text.HAL_TIM_DMABurst_WriteStop
                0x0000000000000000        0x4 Drivers/STM32F4xx_HAL_Driver/Src/stm32f4xx_hal_tim.o
 .text.HAL_TIM_GenerateEvent
                0x0000000000000000       0x24 Drivers/STM32F4xx_HAL_Driver/Src/stm32f4xx_hal_tim.o
 .text.HAL_TIM_ConfigOCrefClear
                0x0000000000000000       0xb6 Drivers/STM32F4xx_HAL_Driver/Src/stm32f4xx_hal_tim.o
 .text.HAL_TIM_ConfigTI1Input
                0x0000000000000000       0x10 Drivers/STM32F4xx_HAL_Driver/Src/stm32f4xx_hal_tim.o
 .text.HAL_TIM_SlaveConfigSynchronization
                0x0000000000000000       0x40 Drivers/STM32F4xx_HAL_Driver/Src/stm32f4xx_hal_tim.o
 .text.HAL_TIM_SlaveConfigSynchronization_IT
                0x0000000000000000       0x40 Drivers/STM32F4xx_HAL_Driver/Src/stm32f4xx_hal_tim.o
 .text.HAL_TIM_ReadCapturedValue
                0x0000000000000000       0x46 Drivers/STM32F4xx_HAL_Driver/Src/stm32f4xx_hal_tim.o
 .text.TIM_DMAPeriodElapsedCplt
                0x0000000000000000       0x10 Drivers/STM32F4xx_HAL_Driver/Src/stm32f4xx_hal_tim.o
 .text.TIM_DMACaptureCplt
                0x0000000000000000       0x3c Drivers/STM32F4xx_HAL_Driver/Src/stm32f4xx_hal_tim.o
 .text.TIM_DMADelayPulseCplt
                0x0000000000000000       0x3c Drivers/STM32F4xx_HAL_Driver/Src/stm32f4xx_hal_tim.o
 .text.TIM_DMATriggerCplt
                0x0000000000000000       0x10 Drivers/STM32F4xx_HAL_Driver/Src/stm32f4xx_hal_tim.o
 .text.HAL_TIM_ErrorCallback
                0x0000000000000000        0x2 Drivers/STM32F4xx_HAL_Driver/Src/stm32f4xx_hal_tim.o
 .text.TIM_DMAError
                0x0000000000000000       0x10 Drivers/STM32F4xx_HAL_Driver/Src/stm32f4xx_hal_tim.o
 .text.HAL_TIM_Base_GetState
                0x0000000000000000        0x6 Drivers/STM32F4xx_HAL_Driver/Src/stm32f4xx_hal_tim.o
 .text.HAL_TIM_OC_GetState
                0x0000000000000000        0x6 Drivers/STM32F4xx_HAL_Driver/Src/stm32f4xx_hal_tim.o
 .text.HAL_TIM_PWM_GetState
                0x0000000000000000        0x6 Drivers/STM32F4xx_HAL_Driver/Src/stm32f4xx_hal_tim.o
 .text.HAL_TIM_IC_GetState
                0x0000000000000000        0x6 Drivers/STM32F4xx_HAL_Driver/Src/stm32f4xx_hal_tim.o
 .text.HAL_TIM_OnePulse_GetState
                0x0000000000000000        0x6 Drivers/STM32F4xx_HAL_Driver/Src/stm32f4xx_hal_tim.o
 .text.HAL_TIM_Encoder_GetState
                0x0000000000000000        0x6 Drivers/STM32F4xx_HAL_Driver/Src/stm32f4xx_hal_tim.o
 .text.HAL_TIM_OC_Init
                0x0000000000000000       0x34 Drivers/STM32F4xx_HAL_Driver/Src/stm32f4xx_hal_tim.o
 .text.HAL_TIM_IC_Init
                0x0000000000000000       0x34 Drivers/STM32F4xx_HAL_Driver/Src/stm32f4xx_hal_tim.o
 .text.HAL_TIM_OnePulse_Init
                0x0000000000000000       0x46 Drivers/STM32F4xx_HAL_Driver/Src/stm32f4xx_hal_tim.o
 .text.HAL_TIM_Encoder_Init
                0x0000000000000000       0x92 Drivers/STM32F4xx_HAL_Driver/Src/stm32f4xx_hal_tim.o
 .text.TIM_TI1_SetConfig
                0x0000000000000000       0x74 Drivers/STM32F4xx_HAL_Driver/Src/stm32f4xx_hal_tim.o
 .text.HAL_TIM_IC_ConfigChannel
                0x0000000000000000      0x110 Drivers/STM32F4xx_HAL_Driver/Src/stm32f4xx_hal_tim.o
 .text.HAL_TIM_OC_ConfigChannel
                0x0000000000000000       0x5c Drivers/STM32F4xx_HAL_Driver/Src/stm32f4xx_hal_tim.o
 .text.HAL_TIM_OnePulse_ConfigChannel
                0x0000000000000000       0xf6 Drivers/STM32F4xx_HAL_Driver/Src/stm32f4xx_hal_tim.o
 .text.HAL_TIM_OC_Stop
                0x0000000000000000       0x5c Drivers/STM32F4xx_HAL_Driver/Src/stm32f4xx_hal_tim.o
 .text.HAL_TIM_OC_Start
                0x0000000000000000        0x4 Drivers/STM32F4xx_HAL_Driver/Src/stm32f4xx_hal_tim.o
 .text.HAL_TIM_PWM_Stop
                0x0000000000000000       0x64 Drivers/STM32F4xx_HAL_Driver/Src/stm32f4xx_hal_tim.o
 .text.HAL_TIM_PWM_Start_IT
                0x0000000000000000       0x74 Drivers/STM32F4xx_HAL_Driver/Src/stm32f4xx_hal_tim.o
 .text.HAL_TIM_OC_Start_IT
                0x0000000000000000        0x4 Drivers/STM32F4xx_HAL_Driver/Src/stm32f4xx_hal_tim.o
 .text.HAL_TIM_PWM_Stop_IT
                0x0000000000000000       0x9c Drivers/STM32F4xx_HAL_Driver/Src/stm32f4xx_hal_tim.o
 .text.HAL_TIM_OC_Stop_IT
                0x0000000000000000        0x4 Drivers/STM32F4xx_HAL_Driver/Src/stm32f4xx_hal_tim.o
 .text.HAL_TIM_PWM_Start_DMA
                0x0000000000000000       0xec Drivers/STM32F4xx_HAL_Driver/Src/stm32f4xx_hal_tim.o
 .text.HAL_TIM_OC_Start_DMA
                0x0000000000000000        0x4 Drivers/STM32F4xx_HAL_Driver/Src/stm32f4xx_hal_tim.o
 .text.HAL_TIM_PWM_Stop_DMA
                0x0000000000000000       0xa0 Drivers/STM32F4xx_HAL_Driver/Src/stm32f4xx_hal_tim.o
 .text.HAL_TIM_OC_Stop_DMA
                0x0000000000000000        0x4 Drivers/STM32F4xx_HAL_Driver/Src/stm32f4xx_hal_tim.o
 .text.HAL_TIM_IC_Start
                0x0000000000000000       0x1a Drivers/STM32F4xx_HAL_Driver/Src/stm32f4xx_hal_tim.o
 .text.HAL_TIM_IC_Stop
                0x0000000000000000       0x2e Drivers/STM32F4xx_HAL_Driver/Src/stm32f4xx_hal_tim.o
 .text.HAL_TIM_IC_Start_IT
                0x0000000000000000       0x58 Drivers/STM32F4xx_HAL_Driver/Src/stm32f4xx_hal_tim.o
 .text.HAL_TIM_IC_Stop_IT
                0x0000000000000000       0x6c Drivers/STM32F4xx_HAL_Driver/Src/stm32f4xx_hal_tim.o
 .text.HAL_TIM_IC_Start_DMA
                0x0000000000000000       0xcc Drivers/STM32F4xx_HAL_Driver/Src/stm32f4xx_hal_tim.o
 .text.HAL_TIM_IC_Stop_DMA
                0x0000000000000000       0x72 Drivers/STM32F4xx_HAL_Driver/Src/stm32f4xx_hal_tim.o
 .text          0x0000000000000000        0x0 Drivers/STM32F4xx_HAL_Driver/Src/stm32f4xx_hal_tim_ex.o
 .data          0x0000000000000000        0x0 Drivers/STM32F4xx_HAL_Driver/Src/stm32f4xx_hal_tim_ex.o
 .bss           0x0000000000000000        0x0 Drivers/STM32F4xx_HAL_Driver/Src/stm32f4xx_hal_tim_ex.o
 .text.TIM_CCxNChannelCmd
                0x0000000000000000       0x18 Drivers/STM32F4xx_HAL_Driver/Src/stm32f4xx_hal_tim_ex.o
 .text.HAL_TIMEx_HallSensor_MspInit
                0x0000000000000000        0x2 Drivers/STM32F4xx_HAL_Driver/Src/stm32f4xx_hal_tim_ex.o
 .text.HAL_TIMEx_HallSensor_Init
                0x0000000000000000       0xa0 Drivers/STM32F4xx_HAL_Driver/Src/stm32f4xx_hal_tim_ex.o
 .text.HAL_TIMEx_HallSensor_MspDeInit
                0x0000000000000000        0x2 Drivers/STM32F4xx_HAL_Driver/Src/stm32f4xx_hal_tim_ex.o
 .text.HAL_TIMEx_HallSensor_DeInit
                0x0000000000000000       0x3a Drivers/STM32F4xx_HAL_Driver/Src/stm32f4xx_hal_tim_ex.o
 .text.HAL_TIMEx_HallSensor_Start
                0x0000000000000000       0x1c Drivers/STM32F4xx_HAL_Driver/Src/stm32f4xx_hal_tim_ex.o
 .text.HAL_TIMEx_HallSensor_Stop
                0x0000000000000000       0x30 Drivers/STM32F4xx_HAL_Driver/Src/stm32f4xx_hal_tim_ex.o
 .text.HAL_TIMEx_HallSensor_Start_IT
                0x0000000000000000       0x24 Drivers/STM32F4xx_HAL_Driver/Src/stm32f4xx_hal_tim_ex.o
 .text.HAL_TIMEx_HallSensor_Stop_IT
                0x0000000000000000       0x38 Drivers/STM32F4xx_HAL_Driver/Src/stm32f4xx_hal_tim_ex.o
 .text.HAL_TIMEx_HallSensor_Start_DMA
                0x0000000000000000       0x64 Drivers/STM32F4xx_HAL_Driver/Src/stm32f4xx_hal_tim_ex.o
 .text.HAL_TIMEx_HallSensor_Stop_DMA
                0x0000000000000000       0x38 Drivers/STM32F4xx_HAL_Driver/Src/stm32f4xx_hal_tim_ex.o
 .text.HAL_TIMEx_PWMN_Start
                0x0000000000000000       0x22 Drivers/STM32F4xx_HAL_Driver/Src/stm32f4xx_hal_tim_ex.o
 .text.HAL_TIMEx_OCN_Start
                0x0000000000000000        0x4 Drivers/STM32F4xx_HAL_Driver/Src/stm32f4xx_hal_tim_ex.o
 .text.HAL_TIMEx_PWMN_Start_IT
                0x0000000000000000       0x60 Drivers/STM32F4xx_HAL_Driver/Src/stm32f4xx_hal_tim_ex.o
 .text.HAL_TIMEx_OCN_Start_IT
                0x0000000000000000        0x4 Drivers/STM32F4xx_HAL_Driver/Src/stm32f4xx_hal_tim_ex.o
 .text.HAL_TIMEx_PWMN_Stop_IT
                0x0000000000000000       0x9a Drivers/STM32F4xx_HAL_Driver/Src/stm32f4xx_hal_tim_ex.o
 .text.HAL_TIMEx_OCN_Stop_IT
                0x0000000000000000        0x4 Drivers/STM32F4xx_HAL_Driver/Src/stm32f4xx_hal_tim_ex.o
 .text.HAL_TIMEx_PWMN_Start_DMA
                0x0000000000000000       0xd4 Drivers/STM32F4xx_HAL_Driver/Src/stm32f4xx_hal_tim_ex.o
 .text.HAL_TIMEx_OCN_Start_DMA
                0x0000000000000000        0x4 Drivers/STM32F4xx_HAL_Driver/Src/stm32f4xx_hal_tim_ex.o
 .text.HAL_TIMEx_PWMN_Stop_DMA
                0x0000000000000000       0x8e Drivers/STM32F4xx_HAL_Driver/Src/stm32f4xx_hal_tim_ex.o
 .text.HAL_TIMEx_OCN_Stop_DMA
                0x0000000000000000        0x4 Drivers/STM32F4xx_HAL_Driver/Src/stm32f4xx_hal_tim_ex.o
 .text.HAL_TIMEx_OnePulseN_Start
                0x0000000000000000       0x1a Drivers/STM32F4xx_HAL_Driver/Src/stm32f4xx_hal_tim_ex.o
 .text.HAL_TIMEx_OnePulseN_Stop
                0x0000000000000000       0x4a Drivers/STM32F4xx_HAL_Driver/Src/stm32f4xx_hal_tim_ex.o
 .text.HAL_TIMEx_PWMN_Stop
                0x0000000000000000        0x4 Drivers/STM32F4xx_HAL_Driver/Src/stm32f4xx_hal_tim_ex.o
 .text.HAL_TIMEx_OCN_Stop
                0x0000000000000000        0x4 Drivers/STM32F4xx_HAL_Driver/Src/stm32f4xx_hal_tim_ex.o
 .text.HAL_TIMEx_OnePulseN_Start_IT
                0x0000000000000000       0x2a Drivers/STM32F4xx_HAL_Driver/Src/stm32f4xx_hal_tim_ex.o
 .text.HAL_TIMEx_OnePulseN_Stop_IT
                0x0000000000000000       0x5a Drivers/STM32F4xx_HAL_Driver/Src/stm32f4xx_hal_tim_ex.o
 .text.HAL_TIMEx_ConfigCommutationEvent
                0x0000000000000000       0x4a Drivers/STM32F4xx_HAL_Driver/Src/stm32f4xx_hal_tim_ex.o
 .text.HAL_TIMEx_ConfigCommutationEvent_IT
                0x0000000000000000       0x52 Drivers/STM32F4xx_HAL_Driver/Src/stm32f4xx_hal_tim_ex.o
 .text.HAL_TIMEx_ConfigCommutationEvent_DMA
                0x0000000000000000       0x64 Drivers/STM32F4xx_HAL_Driver/Src/stm32f4xx_hal_tim_ex.o
 .text.HAL_TIMEx_ConfigBreakDeadTime
                0x0000000000000000       0x4c Drivers/STM32F4xx_HAL_Driver/Src/stm32f4xx_hal_tim_ex.o
 .text.HAL_TIMEx_RemapConfig
                0x0000000000000000       0x20 Drivers/STM32F4xx_HAL_Driver/Src/stm32f4xx_hal_tim_ex.o
 .text.TIMEx_DMACommutationCplt
                0x0000000000000000       0x10 Drivers/STM32F4xx_HAL_Driver/Src/stm32f4xx_hal_tim_ex.o
 .text.HAL_TIMEx_HallSensor_GetState
                0x0000000000000000        0x6 Drivers/STM32F4xx_HAL_Driver/Src/stm32f4xx_hal_tim_ex.o
 .text          0x0000000000000000        0x0 Src/main.o
 .data          0x0000000000000000        0x0 Src/main.o
 .bss           0x0000000000000000        0x0 Src/main.o
 .text._Error_Handler
                0x0000000000000000        0x2 Src/main.o
 .text          0x0000000000000000        0x0 Src/stm32f4xx_hal_msp.o
 .data          0x0000000000000000        0x0 Src/stm32f4xx_hal_msp.o
 .bss           0x0000000000000000        0x0 Src/stm32f4xx_hal_msp.o
 .text.HAL_TIM_Base_MspDeInit
                0x0000000000000000       0x20 Src/stm32f4xx_hal_msp.o
 .text          0x0000000000000000        0x0 Src/stm32f4xx_it.o
 .data          0x0000000000000000        0x0 Src/stm32f4xx_it.o
 .bss           0x0000000000000000        0x0 Src/stm32f4xx_it.o
 .text          0x0000000000000000        0x0 Src/system_stm32f4xx.o
 .data          0x0000000000000000        0x0 Src/system_stm32f4xx.o
 .bss           0x0000000000000000        0x0 Src/system_stm32f4xx.o
 .text.SystemCoreClockUpdate
                0x0000000000000000       0x74 Src/system_stm32f4xx.o
 .rodata.APBPrescTable
                0x0000000000000000        0x8 Src/system_stm32f4xx.o
 .text          0x0000000000000000       0x14 startup/startup_stm32f446xx.o
 .data          0x0000000000000000        0x0 startup/startup_stm32f446xx.o
 .bss           0x0000000000000000        0x0 startup/startup_stm32f446xx.o
 .text          0x0000000000000000        0x0 /opt/Atollic_TrueSTUDIO_for_STM32_x86_64_9.1.0/ARMTools/bin/../lib/gcc/arm-atollic-eabi/6.3.1/../../../../arm-atollic-eabi/lib/armv7e-m/fpu/libc_nano.a(lib_a-init.o)
 .data          0x0000000000000000        0x0 /opt/Atollic_TrueSTUDIO_for_STM32_x86_64_9.1.0/ARMTools/bin/../lib/gcc/arm-atollic-eabi/6.3.1/../../../../arm-atollic-eabi/lib/armv7e-m/fpu/libc_nano.a(lib_a-init.o)
 .bss           0x0000000000000000        0x0 /opt/Atollic_TrueSTUDIO_for_STM32_x86_64_9.1.0/ARMTools/bin/../lib/gcc/arm-atollic-eabi/6.3.1/../../../../arm-atollic-eabi/lib/armv7e-m/fpu/libc_nano.a(lib_a-init.o)
 .data          0x0000000000000000        0x0 /opt/Atollic_TrueSTUDIO_for_STM32_x86_64_9.1.0/ARMTools/bin/../lib/gcc/arm-atollic-eabi/6.3.1/armv7e-m/fpu/libgcc.a(_aeabi_uldivmod.o)
 .bss           0x0000000000000000        0x0 /opt/Atollic_TrueSTUDIO_for_STM32_x86_64_9.1.0/ARMTools/bin/../lib/gcc/arm-atollic-eabi/6.3.1/armv7e-m/fpu/libgcc.a(_aeabi_uldivmod.o)
 .data          0x0000000000000000        0x0 /opt/Atollic_TrueSTUDIO_for_STM32_x86_64_9.1.0/ARMTools/bin/../lib/gcc/arm-atollic-eabi/6.3.1/armv7e-m/fpu/libgcc.a(_udivmoddi4.o)
 .bss           0x0000000000000000        0x0 /opt/Atollic_TrueSTUDIO_for_STM32_x86_64_9.1.0/ARMTools/bin/../lib/gcc/arm-atollic-eabi/6.3.1/armv7e-m/fpu/libgcc.a(_udivmoddi4.o)
 .ARM.extab     0x0000000000000000        0x0 /opt/Atollic_TrueSTUDIO_for_STM32_x86_64_9.1.0/ARMTools/bin/../lib/gcc/arm-atollic-eabi/6.3.1/armv7e-m/fpu/libgcc.a(_udivmoddi4.o)
 .data          0x0000000000000000        0x0 /opt/Atollic_TrueSTUDIO_for_STM32_x86_64_9.1.0/ARMTools/bin/../lib/gcc/arm-atollic-eabi/6.3.1/armv7e-m/fpu/libgcc.a(_dvmd_tls.o)
 .bss           0x0000000000000000        0x0 /opt/Atollic_TrueSTUDIO_for_STM32_x86_64_9.1.0/ARMTools/bin/../lib/gcc/arm-atollic-eabi/6.3.1/armv7e-m/fpu/libgcc.a(_dvmd_tls.o)
 .text          0x0000000000000000        0x0 /opt/Atollic_TrueSTUDIO_for_STM32_x86_64_9.1.0/ARMTools/bin/../lib/gcc/arm-atollic-eabi/6.3.1/armv7e-m/fpu/crtend.o
 .data          0x0000000000000000        0x0 /opt/Atollic_TrueSTUDIO_for_STM32_x86_64_9.1.0/ARMTools/bin/../lib/gcc/arm-atollic-eabi/6.3.1/armv7e-m/fpu/crtend.o
 .bss           0x0000000000000000        0x0 /opt/Atollic_TrueSTUDIO_for_STM32_x86_64_9.1.0/ARMTools/bin/../lib/gcc/arm-atollic-eabi/6.3.1/armv7e-m/fpu/crtend.o
 .eh_frame      0x0000000000000000        0x4 /opt/Atollic_TrueSTUDIO_for_STM32_x86_64_9.1.0/ARMTools/bin/../lib/gcc/arm-atollic-eabi/6.3.1/armv7e-m/fpu/crtend.o
 .ARM.attributes
                0x0000000000000000       0x34 /opt/Atollic_TrueSTUDIO_for_STM32_x86_64_9.1.0/ARMTools/bin/../lib/gcc/arm-atollic-eabi/6.3.1/armv7e-m/fpu/crtend.o
 .text          0x0000000000000000        0x0 /opt/Atollic_TrueSTUDIO_for_STM32_x86_64_9.1.0/ARMTools/bin/../lib/gcc/arm-atollic-eabi/6.3.1/armv7e-m/fpu/crtn.o
 .data          0x0000000000000000        0x0 /opt/Atollic_TrueSTUDIO_for_STM32_x86_64_9.1.0/ARMTools/bin/../lib/gcc/arm-atollic-eabi/6.3.1/armv7e-m/fpu/crtn.o
 .bss           0x0000000000000000        0x0 /opt/Atollic_TrueSTUDIO_for_STM32_x86_64_9.1.0/ARMTools/bin/../lib/gcc/arm-atollic-eabi/6.3.1/armv7e-m/fpu/crtn.o

Memory Configuration

Name             Origin             Length             Attributes
RAM              0x0000000020000000 0x0000000000020000 xrw
FLASH            0x0000000008000000 0x0000000000080000 xr
*default*        0x0000000000000000 0xffffffffffffffff

Linker script and memory map

LOAD /opt/Atollic_TrueSTUDIO_for_STM32_x86_64_9.1.0/ARMTools/bin/../lib/gcc/arm-atollic-eabi/6.3.1/armv7e-m/fpu/crti.o
LOAD /opt/Atollic_TrueSTUDIO_for_STM32_x86_64_9.1.0/ARMTools/bin/../lib/gcc/arm-atollic-eabi/6.3.1/armv7e-m/fpu/crtbegin.o
LOAD Drivers/STM32F4xx_HAL_Driver/Src/stm32f4xx_hal.o
LOAD Drivers/STM32F4xx_HAL_Driver/Src/stm32f4xx_hal_cortex.o
LOAD Drivers/STM32F4xx_HAL_Driver/Src/stm32f4xx_hal_dma.o
LOAD Drivers/STM32F4xx_HAL_Driver/Src/stm32f4xx_hal_dma_ex.o
LOAD Drivers/STM32F4xx_HAL_Driver/Src/stm32f4xx_hal_flash.o
LOAD Drivers/STM32F4xx_HAL_Driver/Src/stm32f4xx_hal_flash_ex.o
LOAD Drivers/STM32F4xx_HAL_Driver/Src/stm32f4xx_hal_flash_ramfunc.o
LOAD Drivers/STM32F4xx_HAL_Driver/Src/stm32f4xx_hal_gpio.o
LOAD Drivers/STM32F4xx_HAL_Driver/Src/stm32f4xx_hal_pwr.o
LOAD Drivers/STM32F4xx_HAL_Driver/Src/stm32f4xx_hal_pwr_ex.o
LOAD Drivers/STM32F4xx_HAL_Driver/Src/stm32f4xx_hal_rcc.o
LOAD Drivers/STM32F4xx_HAL_Driver/Src/stm32f4xx_hal_rcc_ex.o
LOAD Drivers/STM32F4xx_HAL_Driver/Src/stm32f4xx_hal_tim.o
LOAD Drivers/STM32F4xx_HAL_Driver/Src/stm32f4xx_hal_tim_ex.o
LOAD Src/main.o
LOAD Src/stm32f4xx_hal_msp.o
LOAD Src/stm32f4xx_it.o
LOAD Src/system_stm32f4xx.o
LOAD startup/startup_stm32f446xx.o
                0x0000000000000080                malloc_getpagesize_P = 0x80
START GROUP
LOAD /opt/Atollic_TrueSTUDIO_for_STM32_x86_64_9.1.0/ARMTools/bin/../lib/gcc/arm-atollic-eabi/6.3.1/../../../../arm-atollic-eabi/lib/armv7e-m/fpu/libc_nano.a
LOAD /opt/Atollic_TrueSTUDIO_for_STM32_x86_64_9.1.0/ARMTools/bin/../lib/gcc/arm-atollic-eabi/6.3.1/../../../../arm-atollic-eabi/lib/armv7e-m/fpu/libm.a
END GROUP
START GROUP
LOAD /opt/Atollic_TrueSTUDIO_for_STM32_x86_64_9.1.0/ARMTools/bin/../lib/gcc/arm-atollic-eabi/6.3.1/armv7e-m/fpu/libgcc.a
LOAD /opt/Atollic_TrueSTUDIO_for_STM32_x86_64_9.1.0/ARMTools/bin/../lib/gcc/arm-atollic-eabi/6.3.1/../../../../arm-atollic-eabi/lib/armv7e-m/fpu/libc_nano.a
END GROUP
START GROUP
LOAD /opt/Atollic_TrueSTUDIO_for_STM32_x86_64_9.1.0/ARMTools/bin/../lib/gcc/arm-atollic-eabi/6.3.1/armv7e-m/fpu/libgcc.a
LOAD /opt/Atollic_TrueSTUDIO_for_STM32_x86_64_9.1.0/ARMTools/bin/../lib/gcc/arm-atollic-eabi/6.3.1/../../../../arm-atollic-eabi/lib/armv7e-m/fpu/libc_nano.a
LOAD /opt/Atollic_TrueSTUDIO_for_STM32_x86_64_9.1.0/ARMTools/bin/../lib/gcc/arm-atollic-eabi/6.3.1/../../../../arm-atollic-eabi/lib/armv7e-m/fpu/libnosys.a
END GROUP
START GROUP
LOAD /opt/Atollic_TrueSTUDIO_for_STM32_x86_64_9.1.0/ARMTools/bin/../lib/gcc/arm-atollic-eabi/6.3.1/armv7e-m/fpu/libgcc.a
LOAD /opt/Atollic_TrueSTUDIO_for_STM32_x86_64_9.1.0/ARMTools/bin/../lib/gcc/arm-atollic-eabi/6.3.1/../../../../arm-atollic-eabi/lib/armv7e-m/fpu/libc_nano.a
LOAD /opt/Atollic_TrueSTUDIO_for_STM32_x86_64_9.1.0/ARMTools/bin/../lib/gcc/arm-atollic-eabi/6.3.1/../../../../arm-atollic-eabi/lib/armv7e-m/fpu/libnosys.a
END GROUP
LOAD /opt/Atollic_TrueSTUDIO_for_STM32_x86_64_9.1.0/ARMTools/bin/../lib/gcc/arm-atollic-eabi/6.3.1/armv7e-m/fpu/crtend.o
LOAD /opt/Atollic_TrueSTUDIO_for_STM32_x86_64_9.1.0/ARMTools/bin/../lib/gcc/arm-atollic-eabi/6.3.1/armv7e-m/fpu/crtn.o
                0x0000000020020000                _estack = 0x20020000
                0x0000000000000200                _Min_Heap_Size = 0x200
                0x0000000000000400                _Min_Stack_Size = 0x400

.isr_vector     0x0000000008000000      0x1c4
                0x0000000008000000                . = ALIGN (0x4)
 *(.isr_vector)
 .isr_vector    0x0000000008000000      0x1c4 startup/startup_stm32f446xx.o
                0x0000000008000000                g_pfnVectors
                0x00000000080001c4                . = ALIGN (0x4)

.text           0x00000000080001c4     0x16b0
                0x00000000080001c4                . = ALIGN (0x4)
 *(.text)
 .text          0x00000000080001c4       0x40 /opt/Atollic_TrueSTUDIO_for_STM32_x86_64_9.1.0/ARMTools/bin/../lib/gcc/arm-atollic-eabi/6.3.1/armv7e-m/fpu/crtbegin.o
 .text          0x0000000008000204       0x30 /opt/Atollic_TrueSTUDIO_for_STM32_x86_64_9.1.0/ARMTools/bin/../lib/gcc/arm-atollic-eabi/6.3.1/armv7e-m/fpu/libgcc.a(_aeabi_uldivmod.o)
                0x0000000008000204                __aeabi_uldivmod
 .text          0x0000000008000234      0x2dc /opt/Atollic_TrueSTUDIO_for_STM32_x86_64_9.1.0/ARMTools/bin/../lib/gcc/arm-atollic-eabi/6.3.1/armv7e-m/fpu/libgcc.a(_udivmoddi4.o)
                0x0000000008000234                __udivmoddi4
 .text          0x0000000008000510        0x4 /opt/Atollic_TrueSTUDIO_for_STM32_x86_64_9.1.0/ARMTools/bin/../lib/gcc/arm-atollic-eabi/6.3.1/armv7e-m/fpu/libgcc.a(_dvmd_tls.o)
                0x0000000008000510                __aeabi_ldiv0
                0x0000000008000510                __aeabi_idiv0
 *(.text*)
 .text.HAL_InitTick
                0x0000000008000514       0x48 Drivers/STM32F4xx_HAL_Driver/Src/stm32f4xx_hal.o
                0x0000000008000514                HAL_InitTick
 .text.HAL_Init
                0x000000000800055c       0x34 Drivers/STM32F4xx_HAL_Driver/Src/stm32f4xx_hal.o
                0x000000000800055c                HAL_Init
 .text.HAL_IncTick
                0x0000000008000590       0x18 Drivers/STM32F4xx_HAL_Driver/Src/stm32f4xx_hal.o
                0x0000000008000590                HAL_IncTick
 .text.HAL_GetTick
                0x00000000080005a8        0xc Drivers/STM32F4xx_HAL_Driver/Src/stm32f4xx_hal.o
                0x00000000080005a8                HAL_GetTick
 .text.HAL_Delay
                0x00000000080005b4       0x28 Drivers/STM32F4xx_HAL_Driver/Src/stm32f4xx_hal.o
                0x00000000080005b4                HAL_Delay
 .text.HAL_NVIC_SetPriorityGrouping
                0x00000000080005dc       0x24 Drivers/STM32F4xx_HAL_Driver/Src/stm32f4xx_hal_cortex.o
                0x00000000080005dc                HAL_NVIC_SetPriorityGrouping
 .text.HAL_NVIC_SetPriority
                0x0000000008000600       0x68 Drivers/STM32F4xx_HAL_Driver/Src/stm32f4xx_hal_cortex.o
                0x0000000008000600                HAL_NVIC_SetPriority
 .text.HAL_NVIC_EnableIRQ
                0x0000000008000668       0x18 Drivers/STM32F4xx_HAL_Driver/Src/stm32f4xx_hal_cortex.o
                0x0000000008000668                HAL_NVIC_EnableIRQ
 .text.HAL_SYSTICK_Config
                0x0000000008000680       0x2c Drivers/STM32F4xx_HAL_Driver/Src/stm32f4xx_hal_cortex.o
                0x0000000008000680                HAL_SYSTICK_Config
 .text.HAL_SYSTICK_CLKSourceConfig
                0x00000000080006ac       0x18 Drivers/STM32F4xx_HAL_Driver/Src/stm32f4xx_hal_cortex.o
                0x00000000080006ac                HAL_SYSTICK_CLKSourceConfig
 .text.HAL_SYSTICK_Callback
                0x00000000080006c4        0x2 Drivers/STM32F4xx_HAL_Driver/Src/stm32f4xx_hal_cortex.o
                0x00000000080006c4                HAL_SYSTICK_Callback
 .text.HAL_SYSTICK_IRQHandler
                0x00000000080006c6        0x8 Drivers/STM32F4xx_HAL_Driver/Src/stm32f4xx_hal_cortex.o
                0x00000000080006c6                HAL_SYSTICK_IRQHandler
 *fill*         0x00000000080006ce        0x2 
 .text.HAL_GPIO_Init
                0x00000000080006d0      0x1b4 Drivers/STM32F4xx_HAL_Driver/Src/stm32f4xx_hal_gpio.o
                0x00000000080006d0                HAL_GPIO_Init
 .text.HAL_PWREx_EnableOverDrive
                0x0000000008000884       0x78 Drivers/STM32F4xx_HAL_Driver/Src/stm32f4xx_hal_pwr_ex.o
                0x0000000008000884                HAL_PWREx_EnableOverDrive
 .text.HAL_RCC_ClockConfig
                0x00000000080008fc      0x134 Drivers/STM32F4xx_HAL_Driver/Src/stm32f4xx_hal_rcc.o
                0x00000000080008fc                HAL_RCC_ClockConfig
 .text.HAL_RCC_GetHCLKFreq
                0x0000000008000a30        0xc Drivers/STM32F4xx_HAL_Driver/Src/stm32f4xx_hal_rcc.o
                0x0000000008000a30                HAL_RCC_GetHCLKFreq
 .text.HAL_RCC_GetSysClockFreq
                0x0000000008000a3c       0x90 Drivers/STM32F4xx_HAL_Driver/Src/stm32f4xx_hal_rcc_ex.o
                0x0000000008000a3c                HAL_RCC_GetSysClockFreq
 .text.HAL_RCC_OscConfig
                0x0000000008000acc      0x334 Drivers/STM32F4xx_HAL_Driver/Src/stm32f4xx_hal_rcc_ex.o
                0x0000000008000acc                HAL_RCC_OscConfig
 .text.TIM_OC1_SetConfig
                0x0000000008000e00       0x58 Drivers/STM32F4xx_HAL_Driver/Src/stm32f4xx_hal_tim.o
 .text.TIM_OC3_SetConfig
                0x0000000008000e58       0x60 Drivers/STM32F4xx_HAL_Driver/Src/stm32f4xx_hal_tim.o
 .text.TIM_OC4_SetConfig
                0x0000000008000eb8       0x50 Drivers/STM32F4xx_HAL_Driver/Src/stm32f4xx_hal_tim.o
 .text.HAL_TIM_PWM_MspInit
                0x0000000008000f08        0x2 Drivers/STM32F4xx_HAL_Driver/Src/stm32f4xx_hal_tim.o
                0x0000000008000f08                HAL_TIM_PWM_MspInit
 .text.HAL_TIM_ConfigClockSource
                0x0000000008000f0a      0x172 Drivers/STM32F4xx_HAL_Driver/Src/stm32f4xx_hal_tim.o
                0x0000000008000f0a                HAL_TIM_ConfigClockSource
 .text.HAL_TIM_PeriodElapsedCallback
                0x000000000800107c        0x2 Drivers/STM32F4xx_HAL_Driver/Src/stm32f4xx_hal_tim.o
                0x000000000800107c                HAL_TIM_PeriodElapsedCallback
 .text.HAL_TIM_OC_DelayElapsedCallback
                0x000000000800107e        0x2 Drivers/STM32F4xx_HAL_Driver/Src/stm32f4xx_hal_tim.o
                0x000000000800107e                HAL_TIM_OC_DelayElapsedCallback
 .text.HAL_TIM_IC_CaptureCallback
                0x0000000008001080        0x2 Drivers/STM32F4xx_HAL_Driver/Src/stm32f4xx_hal_tim.o
                0x0000000008001080                HAL_TIM_IC_CaptureCallback
 .text.HAL_TIM_PWM_PulseFinishedCallback
                0x0000000008001082        0x2 Drivers/STM32F4xx_HAL_Driver/Src/stm32f4xx_hal_tim.o
                0x0000000008001082                HAL_TIM_PWM_PulseFinishedCallback
 .text.HAL_TIM_TriggerCallback
                0x0000000008001084        0x2 Drivers/STM32F4xx_HAL_Driver/Src/stm32f4xx_hal_tim.o
                0x0000000008001084                HAL_TIM_TriggerCallback
 .text.HAL_TIM_IRQHandler
                0x0000000008001086      0x144 Drivers/STM32F4xx_HAL_Driver/Src/stm32f4xx_hal_tim.o
                0x0000000008001086                HAL_TIM_IRQHandler
 *fill*         0x00000000080011ca        0x2 
 .text.TIM_Base_SetConfig
                0x00000000080011cc       0xc8 Drivers/STM32F4xx_HAL_Driver/Src/stm32f4xx_hal_tim.o
                0x00000000080011cc                TIM_Base_SetConfig
 .text.HAL_TIM_Base_Init
                0x0000000008001294       0x34 Drivers/STM32F4xx_HAL_Driver/Src/stm32f4xx_hal_tim.o
                0x0000000008001294                HAL_TIM_Base_Init
 .text.HAL_TIM_PWM_Init
                0x00000000080012c8       0x34 Drivers/STM32F4xx_HAL_Driver/Src/stm32f4xx_hal_tim.o
                0x00000000080012c8                HAL_TIM_PWM_Init
 .text.TIM_OC2_SetConfig
                0x00000000080012fc       0x60 Drivers/STM32F4xx_HAL_Driver/Src/stm32f4xx_hal_tim.o
                0x00000000080012fc                TIM_OC2_SetConfig
 .text.HAL_TIM_PWM_ConfigChannel
                0x000000000800135c       0xc4 Drivers/STM32F4xx_HAL_Driver/Src/stm32f4xx_hal_tim.o
                0x000000000800135c                HAL_TIM_PWM_ConfigChannel
 .text.TIM_CCxChannelCmd
                0x0000000008001420       0x18 Drivers/STM32F4xx_HAL_Driver/Src/stm32f4xx_hal_tim.o
                0x0000000008001420                TIM_CCxChannelCmd
 .text.HAL_TIM_PWM_Start
                0x0000000008001438       0x34 Drivers/STM32F4xx_HAL_Driver/Src/stm32f4xx_hal_tim.o
                0x0000000008001438                HAL_TIM_PWM_Start
 .text.HAL_TIMEx_MasterConfigSynchronization
                0x000000000800146c       0x44 Drivers/STM32F4xx_HAL_Driver/Src/stm32f4xx_hal_tim_ex.o
                0x000000000800146c                HAL_TIMEx_MasterConfigSynchronization
 .text.HAL_TIMEx_CommutationCallback
                0x00000000080014b0        0x2 Drivers/STM32F4xx_HAL_Driver/Src/stm32f4xx_hal_tim_ex.o
                0x00000000080014b0                HAL_TIMEx_CommutationCallback
 .text.HAL_TIMEx_BreakCallback
                0x00000000080014b2        0x2 Drivers/STM32F4xx_HAL_Driver/Src/stm32f4xx_hal_tim_ex.o
                0x00000000080014b2                HAL_TIMEx_BreakCallback
 .text.SystemClock_Config
                0x00000000080014b4       0xb8 Src/main.o
                0x00000000080014b4                SystemClock_Config
 .text.startup.main
                0x000000000800156c       0xe8 Src/main.o
                0x000000000800156c                main
 .text.HAL_MspInit
                0x0000000008001654       0x90 Src/stm32f4xx_hal_msp.o
                0x0000000008001654                HAL_MspInit
 .text.HAL_TIM_Base_MspInit
                0x00000000080016e4       0x38 Src/stm32f4xx_hal_msp.o
                0x00000000080016e4                HAL_TIM_Base_MspInit
 .text.HAL_TIM_MspPostInit
                0x000000000800171c       0x2c Src/stm32f4xx_hal_msp.o
                0x000000000800171c                HAL_TIM_MspPostInit
 .text.NMI_Handler
                0x0000000008001748        0x2 Src/stm32f4xx_it.o
                0x0000000008001748                NMI_Handler
 .text.HardFault_Handler
                0x000000000800174a        0x2 Src/stm32f4xx_it.o
                0x000000000800174a                HardFault_Handler
 .text.MemManage_Handler
                0x000000000800174c        0x2 Src/stm32f4xx_it.o
                0x000000000800174c                MemManage_Handler
 .text.BusFault_Handler
                0x000000000800174e        0x2 Src/stm32f4xx_it.o
                0x000000000800174e                BusFault_Handler
 .text.UsageFault_Handler
                0x0000000008001750        0x2 Src/stm32f4xx_it.o
                0x0000000008001750                UsageFault_Handler
 .text.SVC_Handler
                0x0000000008001752        0x2 Src/stm32f4xx_it.o
                0x0000000008001752                SVC_Handler
 .text.DebugMon_Handler
                0x0000000008001754        0x2 Src/stm32f4xx_it.o
                0x0000000008001754                DebugMon_Handler
 .text.PendSV_Handler
                0x0000000008001756        0x2 Src/stm32f4xx_it.o
                0x0000000008001756                PendSV_Handler
 .text.SysTick_Handler
                0x0000000008001758        0xe Src/stm32f4xx_it.o
                0x0000000008001758                SysTick_Handler
 *fill*         0x0000000008001766        0x2 
 .text.TIM2_IRQHandler
                0x0000000008001768        0xc Src/stm32f4xx_it.o
                0x0000000008001768                TIM2_IRQHandler
 .text.SystemInit
                0x0000000008001774       0x4c Src/system_stm32f4xx.o
                0x0000000008001774                SystemInit
 .text.Reset_Handler
                0x00000000080017c0       0x50 startup/startup_stm32f446xx.o
                0x00000000080017c0                Reset_Handler
 .text.Default_Handler
                0x0000000008001810        0x2 startup/startup_stm32f446xx.o
                0x0000000008001810                RTC_Alarm_IRQHandler
                0x0000000008001810                EXTI2_IRQHandler
                0x0000000008001810                TIM8_CC_IRQHandler
                0x0000000008001810                SPI4_IRQHandler
                0x0000000008001810                TIM1_CC_IRQHandler
                0x0000000008001810                DMA2_Stream5_IRQHandler
                0x0000000008001810                DMA1_Stream5_IRQHandler
                0x0000000008001810                PVD_IRQHandler
                0x0000000008001810                SDIO_IRQHandler
                0x0000000008001810                TAMP_STAMP_IRQHandler
                0x0000000008001810                CAN2_RX1_IRQHandler
                0x0000000008001810                EXTI3_IRQHandler
                0x0000000008001810                TIM8_TRG_COM_TIM14_IRQHandler
                0x0000000008001810                TIM1_UP_TIM10_IRQHandler
                0x0000000008001810                TIM8_UP_TIM13_IRQHandler
                0x0000000008001810                I2C3_ER_IRQHandler
                0x0000000008001810                FMPI2C1_Event_IRQHandler
                0x0000000008001810                EXTI0_IRQHandler
                0x0000000008001810                I2C2_EV_IRQHandler
                0x0000000008001810                DMA1_Stream2_IRQHandler
                0x0000000008001810                CAN1_RX0_IRQHandler
                0x0000000008001810                FPU_IRQHandler
                0x0000000008001810                OTG_HS_WKUP_IRQHandler
                0x0000000008001810                CAN2_SCE_IRQHandler
                0x0000000008001810                DMA2_Stream2_IRQHandler
                0x0000000008001810                SPI1_IRQHandler
                0x0000000008001810                TIM6_DAC_IRQHandler
                0x0000000008001810                TIM1_BRK_TIM9_IRQHandler
                0x0000000008001810                DCMI_IRQHandler
                0x0000000008001810                CAN2_RX0_IRQHandler
                0x0000000008001810                DMA2_Stream3_IRQHandler
                0x0000000008001810                SAI2_IRQHandler
                0x0000000008001810                USART6_IRQHandler
                0x0000000008001810                USART3_IRQHandler
                0x0000000008001810                CAN1_RX1_IRQHandler
                0x0000000008001810                UART5_IRQHandler
                0x0000000008001810                DMA2_Stream0_IRQHandler
                0x0000000008001810                TIM4_IRQHandler
                0x0000000008001810                QUADSPI_IRQHandler
                0x0000000008001810                I2C1_EV_IRQHandler
                0x0000000008001810                DMA1_Stream6_IRQHandler
                0x0000000008001810                DMA1_Stream1_IRQHandler
                0x0000000008001810                UART4_IRQHandler
                0x0000000008001810                TIM3_IRQHandler
                0x0000000008001810                RCC_IRQHandler
                0x0000000008001810                TIM8_BRK_TIM12_IRQHandler
                0x0000000008001810                Default_Handler
                0x0000000008001810                CEC_IRQHandler
                0x0000000008001810                EXTI15_10_IRQHandler
                0x0000000008001810                ADC_IRQHandler
                0x0000000008001810                DMA1_Stream7_IRQHandler
                0x0000000008001810                TIM7_IRQHandler
                0x0000000008001810                CAN2_TX_IRQHandler
                0x0000000008001810                TIM5_IRQHandler
                0x0000000008001810                DMA2_Stream7_IRQHandler
                0x0000000008001810                I2C3_EV_IRQHandler
                0x0000000008001810                EXTI9_5_IRQHandler
                0x0000000008001810                RTC_WKUP_IRQHandler
                0x0000000008001810                SPDIF_RX_IRQHandler
                0x0000000008001810                SPI2_IRQHandler
                0x0000000008001810                OTG_HS_EP1_IN_IRQHandler
                0x0000000008001810                DMA1_Stream0_IRQHandler
                0x0000000008001810                CAN1_TX_IRQHandler
                0x0000000008001810                EXTI4_IRQHandler
                0x0000000008001810                OTG_HS_EP1_OUT_IRQHandler
                0x0000000008001810                WWDG_IRQHandler
                0x0000000008001810                OTG_FS_WKUP_IRQHandler
                0x0000000008001810                TIM1_TRG_COM_TIM11_IRQHandler
                0x0000000008001810                OTG_HS_IRQHandler
                0x0000000008001810                EXTI1_IRQHandler
                0x0000000008001810                USART2_IRQHandler
                0x0000000008001810                I2C2_ER_IRQHandler
                0x0000000008001810                DMA2_Stream1_IRQHandler
                0x0000000008001810                CAN1_SCE_IRQHandler
                0x0000000008001810                FLASH_IRQHandler
                0x0000000008001810                DMA2_Stream4_IRQHandler
                0x0000000008001810                USART1_IRQHandler
                0x0000000008001810                OTG_FS_IRQHandler
                0x0000000008001810                SPI3_IRQHandler
                0x0000000008001810                DMA1_Stream4_IRQHandler
                0x0000000008001810                I2C1_ER_IRQHandler
                0x0000000008001810                FMC_IRQHandler
                0x0000000008001810                DMA2_Stream6_IRQHandler
                0x0000000008001810                SAI1_IRQHandler
                0x0000000008001810                DMA1_Stream3_IRQHandler
                0x0000000008001810                FMPI2C1_Error_IRQHandler
 *fill*         0x0000000008001812        0x2 
 .text.__libc_init_array
                0x0000000008001814       0x48 /opt/Atollic_TrueSTUDIO_for_STM32_x86_64_9.1.0/ARMTools/bin/../lib/gcc/arm-atollic-eabi/6.3.1/../../../../arm-atollic-eabi/lib/armv7e-m/fpu/libc_nano.a(lib_a-init.o)
                0x0000000008001814                __libc_init_array
 *(.glue_7)
 .glue_7        0x000000000800185c        0x0 linker stubs
 *(.glue_7t)
 .glue_7t       0x000000000800185c        0x0 linker stubs
 *(.eh_frame)
 .eh_frame      0x000000000800185c        0x0 /opt/Atollic_TrueSTUDIO_for_STM32_x86_64_9.1.0/ARMTools/bin/../lib/gcc/arm-atollic-eabi/6.3.1/armv7e-m/fpu/crtbegin.o
 *(.init)
 .init          0x000000000800185c        0x4 /opt/Atollic_TrueSTUDIO_for_STM32_x86_64_9.1.0/ARMTools/bin/../lib/gcc/arm-atollic-eabi/6.3.1/armv7e-m/fpu/crti.o
                0x000000000800185c                _init
 .init          0x0000000008001860        0x8 /opt/Atollic_TrueSTUDIO_for_STM32_x86_64_9.1.0/ARMTools/bin/../lib/gcc/arm-atollic-eabi/6.3.1/armv7e-m/fpu/crtn.o
 *(.fini)
 .fini          0x0000000008001868        0x4 /opt/Atollic_TrueSTUDIO_for_STM32_x86_64_9.1.0/ARMTools/bin/../lib/gcc/arm-atollic-eabi/6.3.1/armv7e-m/fpu/crti.o
                0x0000000008001868                _fini
 .fini          0x000000000800186c        0x8 /opt/Atollic_TrueSTUDIO_for_STM32_x86_64_9.1.0/ARMTools/bin/../lib/gcc/arm-atollic-eabi/6.3.1/armv7e-m/fpu/crtn.o
                0x0000000008001874                . = ALIGN (0x4)
                0x0000000008001874                _etext = .

.vfp11_veneer   0x0000000008001874        0x0
 .vfp11_veneer  0x0000000008001874        0x0 linker stubs

.v4_bx          0x0000000008001874        0x0
 .v4_bx         0x0000000008001874        0x0 linker stubs

.iplt           0x0000000008001874        0x0
 .iplt          0x0000000008001874        0x0 /opt/Atollic_TrueSTUDIO_for_STM32_x86_64_9.1.0/ARMTools/bin/../lib/gcc/arm-atollic-eabi/6.3.1/armv7e-m/fpu/crtbegin.o

.rodata         0x0000000008001874       0x10
                0x0000000008001874                . = ALIGN (0x4)
 *(.rodata)
 *(.rodata*)
 .rodata.AHBPrescTable
                0x0000000008001874       0x10 Src/system_stm32f4xx.o
                0x0000000008001874                AHBPrescTable
                0x0000000008001884                . = ALIGN (0x4)

.ARM.extab
 *(.ARM.extab* .gnu.linkonce.armextab.*)

.ARM            0x0000000008001884        0x8
                0x0000000008001884                __exidx_start = .
 *(.ARM.exidx*)
 .ARM.exidx     0x0000000008001884        0x8 /opt/Atollic_TrueSTUDIO_for_STM32_x86_64_9.1.0/ARMTools/bin/../lib/gcc/arm-atollic-eabi/6.3.1/armv7e-m/fpu/libgcc.a(_udivmoddi4.o)
                0x000000000800188c                __exidx_end = .

.rel.dyn        0x000000000800188c        0x0
 .rel.iplt      0x000000000800188c        0x0 /opt/Atollic_TrueSTUDIO_for_STM32_x86_64_9.1.0/ARMTools/bin/../lib/gcc/arm-atollic-eabi/6.3.1/armv7e-m/fpu/crtbegin.o

.preinit_array  0x000000000800188c        0x0
                0x000000000800188c                PROVIDE (__preinit_array_start, .)
 *(.preinit_array*)
                0x000000000800188c                PROVIDE (__preinit_array_end, .)

.init_array     0x000000000800188c        0x4
                0x000000000800188c                PROVIDE (__init_array_start, .)
 *(SORT(.init_array.*))
 *(.init_array*)
 .init_array    0x000000000800188c        0x4 /opt/Atollic_TrueSTUDIO_for_STM32_x86_64_9.1.0/ARMTools/bin/../lib/gcc/arm-atollic-eabi/6.3.1/armv7e-m/fpu/crtbegin.o
                0x0000000008001890                PROVIDE (__init_array_end, .)

.fini_array     0x0000000008001890        0x4
                [!provide]                        PROVIDE (__fini_array_start, .)
 *(SORT(.fini_array.*))
 *(.fini_array*)
 .fini_array    0x0000000008001890        0x4 /opt/Atollic_TrueSTUDIO_for_STM32_x86_64_9.1.0/ARMTools/bin/../lib/gcc/arm-atollic-eabi/6.3.1/armv7e-m/fpu/crtbegin.o
                [!provide]                        PROVIDE (__fini_array_end, .)
                0x0000000008001894                _sidata = LOADADDR (.data)

.data           0x0000000020000000        0xc load address 0x0000000008001894
                0x0000000020000000                . = ALIGN (0x4)
                0x0000000020000000                _sdata = .
 *(.data)
 *(.data*)
 .data.uwTickFreq
                0x0000000020000000        0x1 Drivers/STM32F4xx_HAL_Driver/Src/stm32f4xx_hal.o
                0x0000000020000000                uwTickFreq
 *fill*         0x0000000020000001        0x3 
 .data.uwTickPrio
                0x0000000020000004        0x4 Drivers/STM32F4xx_HAL_Driver/Src/stm32f4xx_hal.o
                0x0000000020000004                uwTickPrio
 .data.SystemCoreClock
                0x0000000020000008        0x4 Src/system_stm32f4xx.o
                0x0000000020000008                SystemCoreClock
                0x000000002000000c                . = ALIGN (0x4)
                0x000000002000000c                _edata = .

.igot.plt       0x000000002000000c        0x0 load address 0x00000000080018a0
 .igot.plt      0x000000002000000c        0x0 /opt/Atollic_TrueSTUDIO_for_STM32_x86_64_9.1.0/ARMTools/bin/../lib/gcc/arm-atollic-eabi/6.3.1/armv7e-m/fpu/crtbegin.o
                0x000000002000000c                . = ALIGN (0x4)

.bss            0x000000002000000c       0x5c load address 0x00000000080018a0
                0x000000002000000c                _sbss = .
                0x000000002000000c                __bss_start__ = _sbss
 *(.bss)
 .bss           0x000000002000000c       0x1c /opt/Atollic_TrueSTUDIO_for_STM32_x86_64_9.1.0/ARMTools/bin/../lib/gcc/arm-atollic-eabi/6.3.1/armv7e-m/fpu/crtbegin.o
 *(.bss*)
 *(COMMON)
 COMMON         0x0000000020000028        0x4 Drivers/STM32F4xx_HAL_Driver/Src/stm32f4xx_hal.o
                0x0000000020000028                uwTick
 COMMON         0x000000002000002c       0x3c Src/main.o
                0x000000002000002c                htim2
                0x0000000020000068                . = ALIGN (0x4)
                0x0000000020000068                _ebss = .
                0x0000000020000068                __bss_end__ = _ebss

._user_heap_stack
                0x0000000020000068      0x600 load address 0x00000000080018a0
                0x0000000020000068                . = ALIGN (0x4)
                [!provide]                        PROVIDE (end, .)
                [!provide]                        PROVIDE (_end, .)
                0x0000000020000268                . = (. + _Min_Heap_Size)
 *fill*         0x0000000020000068      0x200 
                0x0000000020000668                . = (. + _Min_Stack_Size)
 *fill*         0x0000000020000268      0x400 
                0x0000000020000668                . = ALIGN (0x4)

/DISCARD/
 libc.a(*)
 libm.a(*)
 libgcc.a(*)

.ARM.attributes
                0x0000000000000000       0x30
 *(.ARM.attributes)
 .ARM.attributes
                0x0000000000000000       0x22 /opt/Atollic_TrueSTUDIO_for_STM32_x86_64_9.1.0/ARMTools/bin/../lib/gcc/arm-atollic-eabi/6.3.1/armv7e-m/fpu/crti.o
 .ARM.attributes
                0x0000000000000022       0x34 /opt/Atollic_TrueSTUDIO_for_STM32_x86_64_9.1.0/ARMTools/bin/../lib/gcc/arm-atollic-eabi/6.3.1/armv7e-m/fpu/crtbegin.o
 .ARM.attributes
                0x0000000000000056       0x39 Drivers/STM32F4xx_HAL_Driver/Src/stm32f4xx_hal.o
 .ARM.attributes
                0x000000000000008f       0x39 Drivers/STM32F4xx_HAL_Driver/Src/stm32f4xx_hal_cortex.o
 .ARM.attributes
                0x00000000000000c8       0x39 Drivers/STM32F4xx_HAL_Driver/Src/stm32f4xx_hal_gpio.o
 .ARM.attributes
                0x0000000000000101       0x39 Drivers/STM32F4xx_HAL_Driver/Src/stm32f4xx_hal_pwr_ex.o
 .ARM.attributes
                0x000000000000013a       0x39 Drivers/STM32F4xx_HAL_Driver/Src/stm32f4xx_hal_rcc.o
 .ARM.attributes
                0x0000000000000173       0x39 Drivers/STM32F4xx_HAL_Driver/Src/stm32f4xx_hal_rcc_ex.o
 .ARM.attributes
                0x00000000000001ac       0x39 Drivers/STM32F4xx_HAL_Driver/Src/stm32f4xx_hal_tim.o
 .ARM.attributes
                0x00000000000001e5       0x39 Drivers/STM32F4xx_HAL_Driver/Src/stm32f4xx_hal_tim_ex.o
 .ARM.attributes
                0x000000000000021e       0x39 Src/main.o
 .ARM.attributes
                0x0000000000000257       0x39 Src/stm32f4xx_hal_msp.o
 .ARM.attributes
                0x0000000000000290       0x39 Src/stm32f4xx_it.o
 .ARM.attributes
                0x00000000000002c9       0x39 Src/system_stm32f4xx.o
 .ARM.attributes
                0x0000000000000302       0x21 startup/startup_stm32f446xx.o
 .ARM.attributes
                0x0000000000000323       0x34 /opt/Atollic_TrueSTUDIO_for_STM32_x86_64_9.1.0/ARMTools/bin/../lib/gcc/arm-atollic-eabi/6.3.1/../../../../arm-atollic-eabi/lib/armv7e-m/fpu/libc_nano.a(lib_a-init.o)
 .ARM.attributes
                0x0000000000000357       0x22 /opt/Atollic_TrueSTUDIO_for_STM32_x86_64_9.1.0/ARMTools/bin/../lib/gcc/arm-atollic-eabi/6.3.1/armv7e-m/fpu/libgcc.a(_aeabi_uldivmod.o)
 .ARM.attributes
                0x0000000000000379       0x34 /opt/Atollic_TrueSTUDIO_for_STM32_x86_64_9.1.0/ARMTools/bin/../lib/gcc/arm-atollic-eabi/6.3.1/armv7e-m/fpu/libgcc.a(_udivmoddi4.o)
 .ARM.attributes
                0x00000000000003ad       0x22 /opt/Atollic_TrueSTUDIO_for_STM32_x86_64_9.1.0/ARMTools/bin/../lib/gcc/arm-atollic-eabi/6.3.1/armv7e-m/fpu/libgcc.a(_dvmd_tls.o)
 .ARM.attributes
                0x00000000000003cf       0x22 /opt/Atollic_TrueSTUDIO_for_STM32_x86_64_9.1.0/ARMTools/bin/../lib/gcc/arm-atollic-eabi/6.3.1/armv7e-m/fpu/crtn.o
OUTPUT(pwm.elf elf32-littlearm)

.debug_info     0x0000000000000000    0x10f70
 .debug_info    0x0000000000000000     0x123e Drivers/STM32F4xx_HAL_Driver/Src/stm32f4xx_hal.o
 .debug_info    0x000000000000123e     0x1762 Drivers/STM32F4xx_HAL_Driver/Src/stm32f4xx_hal_cortex.o
 .debug_info    0x00000000000029a0      0xfd6 Drivers/STM32F4xx_HAL_Driver/Src/stm32f4xx_hal_gpio.o
 .debug_info    0x0000000000003976     0x100b Drivers/STM32F4xx_HAL_Driver/Src/stm32f4xx_hal_pwr_ex.o
 .debug_info    0x0000000000004981     0x12a9 Drivers/STM32F4xx_HAL_Driver/Src/stm32f4xx_hal_rcc.o
 .debug_info    0x0000000000005c2a     0x13fa Drivers/STM32F4xx_HAL_Driver/Src/stm32f4xx_hal_rcc_ex.o
 .debug_info    0x0000000000007024     0x3ba2 Drivers/STM32F4xx_HAL_Driver/Src/stm32f4xx_hal_tim.o
 .debug_info    0x000000000000abc6     0x19a5 Drivers/STM32F4xx_HAL_Driver/Src/stm32f4xx_hal_tim_ex.o
 .debug_info    0x000000000000c56b     0x1816 Src/main.o
 .debug_info    0x000000000000dd81     0x1570 Src/stm32f4xx_hal_msp.o
 .debug_info    0x000000000000f2f1      0xecc Src/stm32f4xx_it.o
 .debug_info    0x00000000000101bd      0xd50 Src/system_stm32f4xx.o
 .debug_info    0x0000000000010f0d       0x63 startup/startup_stm32f446xx.o

.debug_abbrev   0x0000000000000000     0x2156
 .debug_abbrev  0x0000000000000000      0x308 Drivers/STM32F4xx_HAL_Driver/Src/stm32f4xx_hal.o
 .debug_abbrev  0x0000000000000308      0x399 Drivers/STM32F4xx_HAL_Driver/Src/stm32f4xx_hal_cortex.o
 .debug_abbrev  0x00000000000006a1      0x268 Drivers/STM32F4xx_HAL_Driver/Src/stm32f4xx_hal_gpio.o
 .debug_abbrev  0x0000000000000909      0x291 Drivers/STM32F4xx_HAL_Driver/Src/stm32f4xx_hal_pwr_ex.o
 .debug_abbrev  0x0000000000000b9a      0x353 Drivers/STM32F4xx_HAL_Driver/Src/stm32f4xx_hal_rcc.o
 .debug_abbrev  0x0000000000000eed      0x295 Drivers/STM32F4xx_HAL_Driver/Src/stm32f4xx_hal_rcc_ex.o
 .debug_abbrev  0x0000000000001182      0x3ac Drivers/STM32F4xx_HAL_Driver/Src/stm32f4xx_hal_tim.o
 .debug_abbrev  0x000000000000152e      0x300 Drivers/STM32F4xx_HAL_Driver/Src/stm32f4xx_hal_tim_ex.o
 .debug_abbrev  0x000000000000182e      0x2de Src/main.o
 .debug_abbrev  0x0000000000001b0c      0x23d Src/stm32f4xx_hal_msp.o
 .debug_abbrev  0x0000000000001d49      0x231 Src/stm32f4xx_it.o
 .debug_abbrev  0x0000000000001f7a      0x1ca Src/system_stm32f4xx.o
 .debug_abbrev  0x0000000000002144       0x12 startup/startup_stm32f446xx.o

.debug_loc      0x0000000000000000     0x532d
 .debug_loc     0x0000000000000000      0x11b Drivers/STM32F4xx_HAL_Driver/Src/stm32f4xx_hal.o
 .debug_loc     0x000000000000011b      0x4fb Drivers/STM32F4xx_HAL_Driver/Src/stm32f4xx_hal_cortex.o
 .debug_loc     0x0000000000000616      0x3cd Drivers/STM32F4xx_HAL_Driver/Src/stm32f4xx_hal_gpio.o
 .debug_loc     0x00000000000009e3      0x15d Drivers/STM32F4xx_HAL_Driver/Src/stm32f4xx_hal_pwr_ex.o
 .debug_loc     0x0000000000000b40      0x336 Drivers/STM32F4xx_HAL_Driver/Src/stm32f4xx_hal_rcc.o
 .debug_loc     0x0000000000000e76      0xa31 Drivers/STM32F4xx_HAL_Driver/Src/stm32f4xx_hal_rcc_ex.o
 .debug_loc     0x00000000000018a7     0x30b2 Drivers/STM32F4xx_HAL_Driver/Src/stm32f4xx_hal_tim.o
 .debug_loc     0x0000000000004959      0x84a Drivers/STM32F4xx_HAL_Driver/Src/stm32f4xx_hal_tim_ex.o
 .debug_loc     0x00000000000051a3       0x6e Src/stm32f4xx_hal_msp.o
 .debug_loc     0x0000000000005211      0x11c Src/system_stm32f4xx.o

.debug_aranges  0x0000000000000000      0x780
 .debug_aranges
                0x0000000000000000       0xd8 Drivers/STM32F4xx_HAL_Driver/Src/stm32f4xx_hal.o
 .debug_aranges
                0x00000000000000d8       0xa8 Drivers/STM32F4xx_HAL_Driver/Src/stm32f4xx_hal_cortex.o
 .debug_aranges
                0x0000000000000180       0x58 Drivers/STM32F4xx_HAL_Driver/Src/stm32f4xx_hal_gpio.o
 .debug_aranges
                0x00000000000001d8       0x60 Drivers/STM32F4xx_HAL_Driver/Src/stm32f4xx_hal_pwr_ex.o
 .debug_aranges
                0x0000000000000238       0x88 Drivers/STM32F4xx_HAL_Driver/Src/stm32f4xx_hal_rcc.o
 .debug_aranges
                0x00000000000002c0       0x78 Drivers/STM32F4xx_HAL_Driver/Src/stm32f4xx_hal_rcc_ex.o
 .debug_aranges
                0x0000000000000338      0x250 Drivers/STM32F4xx_HAL_Driver/Src/stm32f4xx_hal_tim.o
 .debug_aranges
                0x0000000000000588       0xf0 Drivers/STM32F4xx_HAL_Driver/Src/stm32f4xx_hal_tim_ex.o
 .debug_aranges
                0x0000000000000678       0x30 Src/main.o
 .debug_aranges
                0x00000000000006a8       0x38 Src/stm32f4xx_hal_msp.o
 .debug_aranges
                0x00000000000006e0       0x50 Src/stm32f4xx_it.o
 .debug_aranges
                0x0000000000000730       0x28 Src/system_stm32f4xx.o
 .debug_aranges
                0x0000000000000758       0x28 startup/startup_stm32f446xx.o

.debug_ranges   0x0000000000000000      0x9b8
 .debug_ranges  0x0000000000000000       0xc8 Drivers/STM32F4xx_HAL_Driver/Src/stm32f4xx_hal.o
 .debug_ranges  0x00000000000000c8      0x138 Drivers/STM32F4xx_HAL_Driver/Src/stm32f4xx_hal_cortex.o
 .debug_ranges  0x0000000000000200       0x68 Drivers/STM32F4xx_HAL_Driver/Src/stm32f4xx_hal_gpio.o
 .debug_ranges  0x0000000000000268       0xb0 Drivers/STM32F4xx_HAL_Driver/Src/stm32f4xx_hal_pwr_ex.o
 .debug_ranges  0x0000000000000318       0xb0 Drivers/STM32F4xx_HAL_Driver/Src/stm32f4xx_hal_rcc.o
 .debug_ranges  0x00000000000003c8       0x80 Drivers/STM32F4xx_HAL_Driver/Src/stm32f4xx_hal_rcc_ex.o
 .debug_ranges  0x0000000000000448      0x330 Drivers/STM32F4xx_HAL_Driver/Src/stm32f4xx_hal_tim.o
 .debug_ranges  0x0000000000000778       0xe0 Drivers/STM32F4xx_HAL_Driver/Src/stm32f4xx_hal_tim_ex.o
 .debug_ranges  0x0000000000000858       0x90 Src/main.o
 .debug_ranges  0x00000000000008e8       0x58 Src/stm32f4xx_hal_msp.o
 .debug_ranges  0x0000000000000940       0x40 Src/stm32f4xx_it.o
 .debug_ranges  0x0000000000000980       0x18 Src/system_stm32f4xx.o
 .debug_ranges  0x0000000000000998       0x20 startup/startup_stm32f446xx.o

.debug_line     0x0000000000000000     0x42d1
 .debug_line    0x0000000000000000      0x471 Drivers/STM32F4xx_HAL_Driver/Src/stm32f4xx_hal.o
 .debug_line    0x0000000000000471      0x4bb Drivers/STM32F4xx_HAL_Driver/Src/stm32f4xx_hal_cortex.o
 .debug_line    0x000000000000092c      0x454 Drivers/STM32F4xx_HAL_Driver/Src/stm32f4xx_hal_gpio.o
 .debug_line    0x0000000000000d80      0x3c6 Drivers/STM32F4xx_HAL_Driver/Src/stm32f4xx_hal_pwr_ex.o
 .debug_line    0x0000000000001146      0x56a Drivers/STM32F4xx_HAL_Driver/Src/stm32f4xx_hal_rcc.o
 .debug_line    0x00000000000016b0      0x769 Drivers/STM32F4xx_HAL_Driver/Src/stm32f4xx_hal_rcc_ex.o
 .debug_line    0x0000000000001e19     0x115e Drivers/STM32F4xx_HAL_Driver/Src/stm32f4xx_hal_tim.o
 .debug_line    0x0000000000002f77      0x6aa Drivers/STM32F4xx_HAL_Driver/Src/stm32f4xx_hal_tim_ex.o
 .debug_line    0x0000000000003621      0x3b3 Src/main.o
 .debug_line    0x00000000000039d4      0x313 Src/stm32f4xx_hal_msp.o
 .debug_line    0x0000000000003ce7      0x317 Src/stm32f4xx_it.o
 .debug_line    0x0000000000003ffe      0x254 Src/system_stm32f4xx.o
 .debug_line    0x0000000000004252       0x7f startup/startup_stm32f446xx.o

.debug_str      0x0000000000000000     0x345c
 .debug_str     0x0000000000000000      0xf45 Drivers/STM32F4xx_HAL_Driver/Src/stm32f4xx_hal.o
                                       0x100b (size before relaxing)
 .debug_str     0x0000000000000f45      0x3cf Drivers/STM32F4xx_HAL_Driver/Src/stm32f4xx_hal_cortex.o
                                       0x10bd (size before relaxing)
 .debug_str     0x0000000000001314      0x1de Drivers/STM32F4xx_HAL_Driver/Src/stm32f4xx_hal_gpio.o
                                        0x977 (size before relaxing)
 .debug_str     0x00000000000014f2      0x170 Drivers/STM32F4xx_HAL_Driver/Src/stm32f4xx_hal_pwr_ex.o
                                        0x96e (size before relaxing)
 .debug_str     0x0000000000001662      0x2e2 Drivers/STM32F4xx_HAL_Driver/Src/stm32f4xx_hal_rcc.o
                                        0xb4f (size before relaxing)
 .debug_str     0x0000000000001944      0x33f Drivers/STM32F4xx_HAL_Driver/Src/stm32f4xx_hal_rcc_ex.o
                                        0xc52 (size before relaxing)
 .debug_str     0x0000000000001c83     0x1134 Drivers/STM32F4xx_HAL_Driver/Src/stm32f4xx_hal_tim.o
                                       0x1817 (size before relaxing)
 .debug_str     0x0000000000002db7      0x50d Drivers/STM32F4xx_HAL_Driver/Src/stm32f4xx_hal_tim_ex.o
                                       0x10d7 (size before relaxing)
 .debug_str     0x00000000000032c4       0x78 Src/main.o
                                       0x1474 (size before relaxing)
 .debug_str     0x000000000000333c       0x25 Src/stm32f4xx_hal_msp.o
                                       0x11cd (size before relaxing)
 .debug_str     0x0000000000003361       0xb6 Src/stm32f4xx_it.o
                                        0xb0f (size before relaxing)
 .debug_str     0x0000000000003417       0x45 Src/system_stm32f4xx.o
                                        0x7db (size before relaxing)

.comment        0x0000000000000000       0x7c
 .comment       0x0000000000000000       0x7c Drivers/STM32F4xx_HAL_Driver/Src/stm32f4xx_hal.o
                                         0x7d (size before relaxing)
 .comment       0x000000000000007c       0x7d Drivers/STM32F4xx_HAL_Driver/Src/stm32f4xx_hal_cortex.o
 .comment       0x000000000000007c       0x7d Drivers/STM32F4xx_HAL_Driver/Src/stm32f4xx_hal_gpio.o
 .comment       0x000000000000007c       0x7d Drivers/STM32F4xx_HAL_Driver/Src/stm32f4xx_hal_pwr_ex.o
 .comment       0x000000000000007c       0x7d Drivers/STM32F4xx_HAL_Driver/Src/stm32f4xx_hal_rcc.o
 .comment       0x000000000000007c       0x7d Drivers/STM32F4xx_HAL_Driver/Src/stm32f4xx_hal_rcc_ex.o
 .comment       0x000000000000007c       0x7d Drivers/STM32F4xx_HAL_Driver/Src/stm32f4xx_hal_tim.o
 .comment       0x000000000000007c       0x7d Drivers/STM32F4xx_HAL_Driver/Src/stm32f4xx_hal_tim_ex.o
 .comment       0x000000000000007c       0x7d Src/main.o
 .comment       0x000000000000007c       0x7d Src/stm32f4xx_hal_msp.o
 .comment       0x000000000000007c       0x7d Src/stm32f4xx_it.o
 .comment       0x000000000000007c       0x7d Src/system_stm32f4xx.o

.debug_frame    0x0000000000000000     0x1548
 .debug_frame   0x0000000000000000      0x1d0 Drivers/STM32F4xx_HAL_Driver/Src/stm32f4xx_hal.o
 .debug_frame   0x00000000000001d0      0x158 Drivers/STM32F4xx_HAL_Driver/Src/stm32f4xx_hal_cortex.o
 .debug_frame   0x0000000000000328       0xd8 Drivers/STM32F4xx_HAL_Driver/Src/stm32f4xx_hal_gpio.o
 .debug_frame   0x0000000000000400       0xf4 Drivers/STM32F4xx_HAL_Driver/Src/stm32f4xx_hal_pwr_ex.o
 .debug_frame   0x00000000000004f4      0x13c Drivers/STM32F4xx_HAL_Driver/Src/stm32f4xx_hal_rcc.o
 .debug_frame   0x0000000000000630      0x150 Drivers/STM32F4xx_HAL_Driver/Src/stm32f4xx_hal_rcc_ex.o
 .debug_frame   0x0000000000000780      0x854 Drivers/STM32F4xx_HAL_Driver/Src/stm32f4xx_hal_tim.o
 .debug_frame   0x0000000000000fd4      0x330 Drivers/STM32F4xx_HAL_Driver/Src/stm32f4xx_hal_tim_ex.o
 .debug_frame   0x0000000000001304       0x58 Src/main.o
 .debug_frame   0x000000000000135c       0x6c Src/stm32f4xx_hal_msp.o
 .debug_frame   0x00000000000013c8       0xbc Src/stm32f4xx_it.o
 .debug_frame   0x0000000000001484       0x38 Src/system_stm32f4xx.o
 .debug_frame   0x00000000000014bc       0x2c /opt/Atollic_TrueSTUDIO_for_STM32_x86_64_9.1.0/ARMTools/bin/../lib/gcc/arm-atollic-eabi/6.3.1/../../../../arm-atollic-eabi/lib/armv7e-m/fpu/libc_nano.a(lib_a-init.o)
 .debug_frame   0x00000000000014e8       0x2c /opt/Atollic_TrueSTUDIO_for_STM32_x86_64_9.1.0/ARMTools/bin/../lib/gcc/arm-atollic-eabi/6.3.1/armv7e-m/fpu/libgcc.a(_aeabi_uldivmod.o)
 .debug_frame   0x0000000000001514       0x34 /opt/Atollic_TrueSTUDIO_for_STM32_x86_64_9.1.0/ARMTools/bin/../lib/gcc/arm-atollic-eabi/6.3.1/armv7e-m/fpu/libgcc.a(_udivmoddi4.o)
